Component: ARM Compiler 5.06 update 5 (build 528) Tool: armlink [4d35e2]

==============================================================================

Section Cross References

    startup_stm32f103xb.o(RESET) refers to startup_stm32f103xb.o(STACK) for __initial_sp
    startup_stm32f103xb.o(RESET) refers to startup_stm32f103xb.o(.text) for Reset_Handler
    startup_stm32f103xb.o(RESET) refers to stm32f1xx_it.o(i.NMI_Handler) for NMI_Handler
    startup_stm32f103xb.o(RESET) refers to stm32f1xx_it.o(i.HardFault_Handler) for HardFault_Handler
    startup_stm32f103xb.o(RESET) refers to stm32f1xx_it.o(i.MemManage_Handler) for MemManage_Handler
    startup_stm32f103xb.o(RESET) refers to stm32f1xx_it.o(i.BusFault_Handler) for BusFault_Handler
    startup_stm32f103xb.o(RESET) refers to stm32f1xx_it.o(i.UsageFault_Handler) for UsageFault_Handler
    startup_stm32f103xb.o(RESET) refers to stm32f1xx_it.o(i.SVC_Handler) for SVC_Handler
    startup_stm32f103xb.o(RESET) refers to stm32f1xx_it.o(i.DebugMon_Handler) for DebugMon_Handler
    startup_stm32f103xb.o(RESET) refers to stm32f1xx_it.o(i.PendSV_Handler) for PendSV_Handler
    startup_stm32f103xb.o(RESET) refers to stm32f1xx_it.o(i.SysTick_Handler) for SysTick_Handler
    startup_stm32f103xb.o(RESET) refers to stm32f1xx_it.o(i.DMA1_Channel5_IRQHandler) for DMA1_Channel5_IRQHandler
    startup_stm32f103xb.o(RESET) refers to stm32f1xx_it.o(i.USART1_IRQHandler) for USART1_IRQHandler
    startup_stm32f103xb.o(.text) refers to system_stm32f1xx.o(i.SystemInit) for SystemInit
    startup_stm32f103xb.o(.text) refers to entry.o(.ARM.Collect$$$$00000000) for __main
    main.o(i.SystemClock_Config) refers to memseta.o(.text) for __aeabi_memclr4
    main.o(i.SystemClock_Config) refers to stm32f1xx_hal_rcc.o(i.HAL_RCC_OscConfig) for HAL_RCC_OscConfig
    main.o(i.SystemClock_Config) refers to main.o(i.Error_Handler) for Error_Handler
    main.o(i.SystemClock_Config) refers to stm32f1xx_hal_rcc.o(i.HAL_RCC_ClockConfig) for HAL_RCC_ClockConfig
    main.o(i.main) refers to stm32f1xx_hal.o(i.HAL_Init) for HAL_Init
    main.o(i.main) refers to main.o(i.SystemClock_Config) for SystemClock_Config
    main.o(i.main) refers to gpio.o(i.MX_GPIO_Init) for MX_GPIO_Init
    main.o(i.main) refers to dma.o(i.MX_DMA_Init) for MX_DMA_Init
    main.o(i.main) refers to usart.o(i.MX_USART1_UART_Init) for MX_USART1_UART_Init
    main.o(i.main) refers to tim.o(i.MX_TIM3_Init) for MX_TIM3_Init
    main.o(i.main) refers to i2c.o(i.MX_I2C1_Init) for MX_I2C1_Init
    main.o(i.main) refers to moto.o(i.Motor_Init) for Motor_Init
    main.o(i.main) refers to bsp_uart.o(i.DebugUART_Init) for DebugUART_Init
    main.o(i.main) refers to track.o(i.Track) for Track
    main.o(i.main) refers to track.o(i.Printf_Coord) for Printf_Coord
    gpio.o(i.MX_GPIO_Init) refers to stm32f1xx_hal_gpio.o(i.HAL_GPIO_WritePin) for HAL_GPIO_WritePin
    gpio.o(i.MX_GPIO_Init) refers to stm32f1xx_hal_gpio.o(i.HAL_GPIO_Init) for HAL_GPIO_Init
    dma.o(i.MX_DMA_Init) refers to stm32f1xx_hal_cortex.o(i.HAL_NVIC_SetPriority) for HAL_NVIC_SetPriority
    dma.o(i.MX_DMA_Init) refers to stm32f1xx_hal_cortex.o(i.HAL_NVIC_EnableIRQ) for HAL_NVIC_EnableIRQ
    i2c.o(i.HAL_I2C_MspDeInit) refers to stm32f1xx_hal_gpio.o(i.HAL_GPIO_DeInit) for HAL_GPIO_DeInit
    i2c.o(i.HAL_I2C_MspInit) refers to stm32f1xx_hal_gpio.o(i.HAL_GPIO_Init) for HAL_GPIO_Init
    i2c.o(i.MX_I2C1_Init) refers to stm32f1xx_hal_i2c.o(i.HAL_I2C_Init) for HAL_I2C_Init
    i2c.o(i.MX_I2C1_Init) refers to main.o(i.Error_Handler) for Error_Handler
    i2c.o(i.MX_I2C1_Init) refers to i2c.o(.bss) for hi2c1
    tim.o(i.HAL_TIM_MspPostInit) refers to stm32f1xx_hal_gpio.o(i.HAL_GPIO_Init) for HAL_GPIO_Init
    tim.o(i.MX_TIM3_Init) refers to memseta.o(.text) for __aeabi_memclr4
    tim.o(i.MX_TIM3_Init) refers to stm32f1xx_hal_tim.o(i.HAL_TIM_Base_Init) for HAL_TIM_Base_Init
    tim.o(i.MX_TIM3_Init) refers to main.o(i.Error_Handler) for Error_Handler
    tim.o(i.MX_TIM3_Init) refers to stm32f1xx_hal_tim.o(i.HAL_TIM_ConfigClockSource) for HAL_TIM_ConfigClockSource
    tim.o(i.MX_TIM3_Init) refers to stm32f1xx_hal_tim.o(i.HAL_TIM_PWM_Init) for HAL_TIM_PWM_Init
    tim.o(i.MX_TIM3_Init) refers to stm32f1xx_hal_tim_ex.o(i.HAL_TIMEx_MasterConfigSynchronization) for HAL_TIMEx_MasterConfigSynchronization
    tim.o(i.MX_TIM3_Init) refers to stm32f1xx_hal_tim.o(i.HAL_TIM_PWM_ConfigChannel) for HAL_TIM_PWM_ConfigChannel
    tim.o(i.MX_TIM3_Init) refers to tim.o(i.HAL_TIM_MspPostInit) for HAL_TIM_MspPostInit
    tim.o(i.MX_TIM3_Init) refers to tim.o(.bss) for htim3
    usart.o(i.HAL_UART_MspDeInit) refers to stm32f1xx_hal_gpio.o(i.HAL_GPIO_DeInit) for HAL_GPIO_DeInit
    usart.o(i.HAL_UART_MspDeInit) refers to stm32f1xx_hal_dma.o(i.HAL_DMA_DeInit) for HAL_DMA_DeInit
    usart.o(i.HAL_UART_MspDeInit) refers to stm32f1xx_hal_cortex.o(i.HAL_NVIC_DisableIRQ) for HAL_NVIC_DisableIRQ
    usart.o(i.HAL_UART_MspInit) refers to stm32f1xx_hal_gpio.o(i.HAL_GPIO_Init) for HAL_GPIO_Init
[...]
    Removing stm32f1xx_hal_tim.o(i.TIM_DMAPeriodElapsedHalfCplt), (14 bytes).
    Removing stm32f1xx_hal_tim.o(i.TIM_DMATriggerCplt), (26 bytes).
    Removing stm32f1xx_hal_tim.o(i.TIM_DMATriggerHalfCplt), (14 bytes).
    Removing stm32f1xx_hal_tim.o(i.TIM_SlaveTimer_SetConfig), (178 bytes).
    Removing stm32f1xx_hal_tim.o(i.TIM_TI1_SetConfig), (104 bytes).
    Removing stm32f1xx_hal_tim.o(i.TIM_TI2_SetConfig), (58 bytes).
    Removing stm32f1xx_hal_tim.o(i.TIM_TI3_SetConfig), (56 bytes).
    Removing stm32f1xx_hal_tim.o(i.TIM_TI4_SetConfig), (60 bytes).
    Removing stm32f1xx_hal_tim_ex.o(.rev16_text), (4 bytes).
    Removing stm32f1xx_hal_tim_ex.o(.revsh_text), (4 bytes).
    Removing stm32f1xx_hal_tim_ex.o(.rrx_text), (6 bytes).
    Removing stm32f1xx_hal_tim_ex.o(i.HAL_TIMEx_BreakCallback), (2 bytes).
    Removing stm32f1xx_hal_tim_ex.o(i.HAL_TIMEx_CommutCallback), (2 bytes).
    Removing stm32f1xx_hal_tim_ex.o(i.HAL_TIMEx_CommutHalfCpltCallback), (2 bytes).
    Removing stm32f1xx_hal_tim_ex.o(i.HAL_TIMEx_ConfigBreakDeadTime), (116 bytes).
    Removing stm32f1xx_hal_tim_ex.o(i.HAL_TIMEx_ConfigCommutEvent), (134 bytes).
    Removing stm32f1xx_hal_tim_ex.o(i.HAL_TIMEx_ConfigCommutEvent_DMA), (164 bytes).
    Removing stm32f1xx_hal_tim_ex.o(i.HAL_TIMEx_ConfigCommutEvent_IT), (134 bytes).
    Removing stm32f1xx_hal_tim_ex.o(i.HAL_TIMEx_GetChannelNState), (38 bytes).
    Removing stm32f1xx_hal_tim_ex.o(i.HAL_TIMEx_HallSensor_DeInit), (96 bytes).
    Removing stm32f1xx_hal_tim_ex.o(i.HAL_TIMEx_HallSensor_GetState), (8 bytes).
    Removing stm32f1xx_hal_tim_ex.o(i.HAL_TIMEx_HallSensor_Init), (234 bytes).
    Removing stm32f1xx_hal_tim_ex.o(i.HAL_TIMEx_HallSensor_MspDeInit), (2 bytes).
    Removing stm32f1xx_hal_tim_ex.o(i.HAL_TIMEx_HallSensor_MspInit), (2 bytes).
    Removing stm32f1xx_hal_tim_ex.o(i.HAL_TIMEx_HallSensor_Start), (168 bytes).
    Removing stm32f1xx_hal_tim_ex.o(i.HAL_TIMEx_HallSensor_Start_DMA), (232 bytes).
    Removing stm32f1xx_hal_tim_ex.o(i.HAL_TIMEx_HallSensor_Start_IT), (180 bytes).
    Removing stm32f1xx_hal_tim_ex.o(i.HAL_TIMEx_HallSensor_Stop), (78 bytes).
    Removing stm32f1xx_hal_tim_ex.o(i.HAL_TIMEx_HallSensor_Stop_DMA), (84 bytes).
    Removing stm32f1xx_hal_tim_ex.o(i.HAL_TIMEx_HallSensor_Stop_IT), (90 bytes).
    Removing stm32f1xx_hal_tim_ex.o(i.HAL_TIMEx_OCN_Start), (196 bytes).
    Removing stm32f1xx_hal_tim_ex.o(i.HAL_TIMEx_OCN_Start_DMA), (456 bytes).
    Removing stm32f1xx_hal_tim_ex.o(i.HAL_TIMEx_OCN_Start_IT), (276 bytes).
    Removing stm32f1xx_hal_tim_ex.o(i.HAL_TIMEx_OCN_Stop), (136 bytes).
    Removing stm32f1xx_hal_tim_ex.o(i.HAL_TIMEx_OCN_Stop_DMA), (220 bytes).
    Removing stm32f1xx_hal_tim_ex.o(i.HAL_TIMEx_OCN_Stop_IT), (230 bytes).
    Removing stm32f1xx_hal_tim_ex.o(i.HAL_TIMEx_OnePulseN_Start), (118 bytes).
    Removing stm32f1xx_hal_tim_ex.o(i.HAL_TIMEx_OnePulseN_Start_IT), (142 bytes).
    Removing stm32f1xx_hal_tim_ex.o(i.HAL_TIMEx_OnePulseN_Stop), (138 bytes).
    Removing stm32f1xx_hal_tim_ex.o(i.HAL_TIMEx_OnePulseN_Stop_IT), (162 bytes).
    Removing stm32f1xx_hal_tim_ex.o(i.HAL_TIMEx_PWMN_Start), (196 bytes).
    Removing stm32f1xx_hal_tim_ex.o(i.HAL_TIMEx_PWMN_Start_DMA), (456 bytes).
    Removing stm32f1xx_hal_tim_ex.o(i.HAL_TIMEx_PWMN_Start_IT), (276 bytes).
    Removing stm32f1xx_hal_tim_ex.o(i.HAL_TIMEx_PWMN_Stop), (136 bytes).
    Removing stm32f1xx_hal_tim_ex.o(i.HAL_TIMEx_PWMN_Stop_DMA), (220 bytes).
    Removing stm32f1xx_hal_tim_ex.o(i.HAL_TIMEx_PWMN_Stop_IT), (230 bytes).
    Removing stm32f1xx_hal_tim_ex.o(i.HAL_TIMEx_RemapConfig), (6 bytes).
    Removing stm32f1xx_hal_tim_ex.o(i.TIMEx_DMACommutationCplt), (20 bytes).
    Removing stm32f1xx_hal_tim_ex.o(i.TIMEx_DMACommutationHalfCplt), (20 bytes).
    Removing stm32f1xx_hal_tim_ex.o(i.TIM_CCxNChannelCmd), (34 bytes).
    Removing stm32f1xx_hal_tim_ex.o(i.TIM_DMADelayPulseNCplt), (82 bytes).
    Removing stm32f1xx_hal_tim_ex.o(i.TIM_DMAErrorCCxN), (68 bytes).
    Removing stm32f1xx_hal_uart.o(.rev16_text), (4 bytes).
    Removing stm32f1xx_hal_uart.o(.revsh_text), (4 bytes).
    Removing stm32f1xx_hal_uart.o(.rrx_text), (6 bytes).
    Removing stm32f1xx_hal_uart.o(i.HAL_HalfDuplex_EnableReceiver), (68 bytes).
    Removing stm32f1xx_hal_uart.o(i.HAL_HalfDuplex_EnableTransmitter), (68 bytes).
    Removing stm32f1xx_hal_uart.o(i.HAL_HalfDuplex_Init), (122 bytes).
    Removing stm32f1xx_hal_uart.o(i.HAL_LIN_Init), (146 bytes).
    Removing stm32f1xx_hal_uart.o(i.HAL_LIN_SendBreak), (80 bytes).
    Removing stm32f1xx_hal_uart.o(i.HAL_MultiProcessor_EnterMuteMode), (82 bytes).
    Removing stm32f1xx_hal_uart.o(i.HAL_MultiProcessor_ExitMuteMode), (82 bytes).
    Removing stm32f1xx_hal_uart.o(i.HAL_MultiProcessor_Init), (158 bytes).
    Removing stm32f1xx_hal_uart.o(i.HAL_UARTEx_GetRxEventType), (6 bytes).
    Removing stm32f1xx_hal_uart.o(i.HAL_UARTEx_ReceiveToIdle), (296 bytes).
    Removing stm32f1xx_hal_uart.o(i.HAL_UARTEx_ReceiveToIdle_IT), (114 bytes).
    Removing stm32f1xx_hal_uart.o(i.HAL_UARTEx_RxEventCallback), (2 bytes).
    Removing stm32f1xx_hal_uart.o(i.HAL_UART_Abort), (278 bytes).
    Removing stm32f1xx_hal_uart.o(i.HAL_UART_AbortCpltCallback), (2 bytes).
    Removing stm32f1xx_hal_uart.o(i.HAL_UART_AbortReceive), (194 bytes).
    Removing stm32f1xx_hal_uart.o(i.HAL_UART_AbortReceiveCpltCallback), (2 bytes).
    Removing stm32f1xx_hal_uart.o(i.HAL_UART_AbortReceive_IT), (216 bytes).
    Removing stm32f1xx_hal_uart.o(i.HAL_UART_AbortTransmit), (124 bytes).
    Removing stm32f1xx_hal_uart.o(i.HAL_UART_AbortTransmitCpltCallback), (2 bytes).
    Removing stm32f1xx_hal_uart.o(i.HAL_UART_AbortTransmit_IT), (144 bytes).
    Removing stm32f1xx_hal_uart.o(i.HAL_UART_Abort_IT), (328 bytes).
    Removing stm32f1xx_hal_uart.o(i.HAL_UART_DMAPause), (166 bytes).
    Removing stm32f1xx_hal_uart.o(i.HAL_UART_DMAResume), (170 bytes).
    Removing stm32f1xx_hal_uart.o(i.HAL_UART_DMAStop), (138 bytes).
    Removing stm32f1xx_hal_uart.o(i.HAL_UART_DeInit), (62 bytes).
    Removing stm32f1xx_hal_uart.o(i.HAL_UART_GetError), (6 bytes).
    Removing stm32f1xx_hal_uart.o(i.HAL_UART_GetState), (20 bytes).
    Removing stm32f1xx_hal_uart.o(i.HAL_UART_MspDeInit), (2 bytes).
    Removing stm32f1xx_hal_uart.o(i.HAL_UART_MspInit), (2 bytes).
    Removing stm32f1xx_hal_uart.o(i.HAL_UART_Receive), (194 bytes).
    Removing stm32f1xx_hal_uart.o(i.HAL_UART_Receive_DMA), (44 bytes).
    Removing stm32f1xx_hal_uart.o(i.HAL_UART_Receive_IT), (44 bytes).
    Removing stm32f1xx_hal_uart.o(i.HAL_UART_Transmit_DMA), (140 bytes).
    Removing stm32f1xx_hal_uart.o(i.HAL_UART_Transmit_IT), (56 bytes).
    Removing stm32f1xx_hal_uart.o(i.HAL_UART_TxHalfCpltCallback), (2 bytes).
    Removing stm32f1xx_hal_uart.o(i.UART_DMARxAbortCallback), (56 bytes).
    Removing stm32f1xx_hal_uart.o(i.UART_DMARxOnlyAbortCallback), (28 bytes).
    Removing stm32f1xx_hal_uart.o(i.UART_DMATransmitCplt), (88 bytes).
    Removing stm32f1xx_hal_uart.o(i.UART_DMATxAbortCallback), (56 bytes).
    Removing stm32f1xx_hal_uart.o(i.UART_DMATxHalfCplt), (14 bytes).
    Removing stm32f1xx_hal_uart.o(i.UART_DMATxOnlyAbortCallback), (24 bytes).
    Removing stm32f1xx_hal_uart.o(i.UART_Start_Receive_IT), (64 bytes).
    Removing system_stm32f1xx.o(.rev16_text), (4 bytes).
    Removing system_stm32f1xx.o(.revsh_text), (4 bytes).
    Removing system_stm32f1xx.o(.rrx_text), (6 bytes).
    Removing system_stm32f1xx.o(i.SystemCoreClockUpdate), (164 bytes).
    Removing bsp_uart.o(.rev16_text), (4 bytes).
    Removing bsp_uart.o(.revsh_text), (4 bytes).
    Removing bsp_uart.o(.rrx_text), (6 bytes).
    Removing moto.o(.rev16_text), (4 bytes).
    Removing moto.o(.revsh_text), (4 bytes).
    Removing moto.o(.rrx_text), (6 bytes).
    Removing moto.o(i.Motor_Go), (18 bytes).
    Removing car.o(.rev16_text), (4 bytes).
    Removing car.o(.revsh_text), (4 bytes).
    Removing car.o(.rrx_text), (6 bytes).
    Removing car.o(i.Car_Init), (68 bytes).
    Removing track.o(.rev16_text), (4 bytes).
    Removing track.o(.revsh_text), (4 bytes).
    Removing track.o(.rrx_text), (6 bytes).
    Removing mpu6050.o(.rev16_text), (4 bytes).
    Removing mpu6050.o(.revsh_text), (4 bytes).
    Removing mpu6050.o(.rrx_text), (6 bytes).
    Removing mpu6050.o(i.AutoCalibrateYawDrift), (324 bytes).
    Removing mpu6050.o(i.CalibrateGyroBias), (296 bytes).
    Removing mpu6050.o(i.IsStationary), (176 bytes).
    Removing mpu6050.o(i.LimitEulerAngleRange), (184 bytes).
    Removing mpu6050.o(i.MPU6050_EulerAngleCalc), (568 bytes).
    Removing mpu6050.o(i.MPU6050_Init), (164 bytes).
    Removing mpu6050.o(i.MPU6050_Update), (428 bytes).
    Removing mpu6050.o(i.printf_eulerangle), (112 bytes).
    Removing mpu6050.o(.bss), (72 bytes).
    Removing mpu6050.o(.constdata), (96 bytes).
    Removing mpu6050.o(.data), (52 bytes).
    Removing xunji.o(.rev16_text), (4 bytes).
    Removing xunji.o(.revsh_text), (4 bytes).
    Removing xunji.o(.rrx_text), (6 bytes).
    Removing xunji.o(i.I_xianfu), (44 bytes).
    Removing xunji.o(i.Place_PID_value), (204 bytes).
    Removing xunji.o(.data), (28 bytes).
    Removing kongzhi.o(.rev16_text), (4 bytes).
    Removing kongzhi.o(.revsh_text), (4 bytes).
    Removing kongzhi.o(.rrx_text), (6 bytes).
    Removing fdiv.o(.text), (124 bytes).
    Removing ffltui.o(.text), (10 bytes).
    Removing ffixui.o(.text), (40 bytes).
    Removing cfrcmple.o(.text), (20 bytes).
    Removing fsqrt.o(.text), (94 bytes).
    Removing dsqrt.o(.text), (162 bytes).
    Removing cdcmple.o(.text), (48 bytes).
    Removing dscalb.o(.text), (46 bytes).

505 unused section(s) (total 52854 bytes) removed from the image.

==============================================================================

Image Symbol Table

    Local Symbols

    Symbol Name                              Value     Ov Type        Size  Object(Section)

    ../Core/Src/dma.c                        0x00000000   Number         0  dma.o ABSOLUTE
    ../Core/Src/gpio.c                       0x00000000   Number         0  gpio.o ABSOLUTE
    ../Core/Src/i2c.c                        0x00000000   Number         0  i2c.o ABSOLUTE
    ../Core/Src/main.c                       0x00000000   Number         0  main.o ABSOLUTE
    ../Core/Src/stm32f1xx_hal_msp.c          0x00000000   Number         0  stm32f1xx_hal_msp.o ABSOLUTE
    ../Core/Src/stm32f1xx_it.c               0x00000000   Number         0  stm32f1xx_it.o ABSOLUTE
    ../Core/Src/system_stm32f1xx.c           0x00000000   Number         0  system_stm32f1xx.o ABSOLUTE
    ../Core/Src/tim.c                        0x00000000   Number         0  tim.o ABSOLUTE
    ../Core/Src/usart.c                      0x00000000   Number         0  usart.o ABSOLUTE
    ../Drivers/STM32F1xx_HAL_Driver/Src/stm32f1xx_hal.c 0x00000000   Number         0  stm32f1xx_hal.o ABSOLUTE
    ../Drivers/STM32F1xx_HAL_Driver/Src/stm32f1xx_hal_cortex.c 0x00000000   Number         0  stm32f1xx_hal_cortex.o ABSOLUTE
    ../Drivers/STM32F1xx_HAL_Driver/Src/stm32f1xx_hal_dma.c 0x00000000   Number         0  stm32f1xx_hal_dma.o ABSOLUTE
    ../Drivers/STM32F1xx_HAL_Driver/Src/stm32f1xx_hal_exti.c 0x00000000   Number         0  stm32f1xx_hal_exti.o ABSOLUTE
    ../Drivers/STM32F1xx_HAL_Driver/Src/stm32f1xx_hal_flash.c 0x00000000   Number         0  stm32f1xx_hal_flash.o ABSOLUTE
    ../Drivers/STM32F1xx_HAL_Driver/Src/stm32f1xx_hal_flash_ex.c 0x00000000   Number         0  stm32f1xx_hal_flash_ex.o ABSOLUTE
    ../Drivers/STM32F1xx_HAL_Driver/Src/stm32f1xx_hal_gpio.c 0x00000000   Number         0  stm32f1xx_hal_gpio.o ABSOLUTE
    ../Drivers/STM32F1xx_HAL_Driver/Src/stm32f1xx_hal_gpio_ex.c 0x00000000   Number         0  stm32f1xx_hal_gpio_ex.o ABSOLUTE
    ../Drivers/STM32F1xx_HAL_Driver/Src/stm32f1xx_hal_i2c.c 0x00000000   Number         0  stm32f1xx_hal_i2c.o ABSOLUTE
    ../Drivers/STM32F1xx_HAL_Driver/Src/stm32f1xx_hal_pwr.c 0x00000000   Number         0  stm32f1xx_hal_pwr.o ABSOLUTE
    ../Drivers/STM32F1xx_HAL_Driver/Src/stm32f1xx_hal_rcc.c 0x00000000   Number         0  stm32f1xx_hal_rcc.o ABSOLUTE
    ../Drivers/STM32F1xx_HAL_Driver/Src/stm32f1xx_hal_rcc_ex.c 0x00000000   Number         0  stm32f1xx_hal_rcc_ex.o ABSOLUTE
    ../Drivers/STM32F1xx_HAL_Driver/Src/stm32f1xx_hal_tim.c 0x00000000   Number         0  stm32f1xx_hal_tim.o ABSOLUTE
    ../Drivers/STM32F1xx_HAL_Driver/Src/stm32f1xx_hal_tim_ex.c 0x00000000   Number         0  stm32f1xx_hal_tim_ex.o ABSOLUTE
    ../Drivers/STM32F1xx_HAL_Driver/Src/stm32f1xx_hal_uart.c 0x00000000   Number         0  stm32f1xx_hal_uart.o ABSOLUTE
    ../clib/microlib/division.c              0x00000000   Number         0  uldiv.o ABSOLUTE
    ../clib/microlib/division.c              0x00000000   Number         0  uidiv.o ABSOLUTE
    ../clib/microlib/errno.c                 0x00000000   Number         0  errno.o ABSOLUTE
    ../clib/microlib/init/entry.s            0x00000000   Number         0  entry2.o ABSOLUTE
    ../clib/microlib/init/entry.s            0x00000000   Number         0  entry10a.o ABSOLUTE
    ../clib/microlib/init/entry.s            0x00000000   Number         0  entry9b.o ABSOLUTE
    ../clib/microlib/init/entry.s            0x00000000   Number         0  entry11b.o ABSOLUTE
    ../clib/microlib/init/entry.s            0x00000000   Number         0  entry11a.o ABSOLUTE
    ../clib/microlib/init/entry.s            0x00000000   Number         0  entry10b.o ABSOLUTE
    ../clib/microlib/init/entry.s            0x00000000   Number         0  entry.o ABSOLUTE
    ../clib/microlib/init/entry.s            0x00000000   Number         0  entry9a.o ABSOLUTE
    ../clib/microlib/init/entry.s            0x00000000   Number         0  entry8b.o ABSOLUTE
    ../clib/microlib/init/entry.s            0x00000000   Number         0  entry8a.o ABSOLUTE
    ../clib/microlib/init/entry.s            0x00000000   Number         0  entry7b.o ABSOLUTE
    ../clib/microlib/init/entry.s            0x00000000   Number         0  entry7a.o ABSOLUTE
    ../clib/microlib/init/entry.s            0x00000000   Number         0  entry5.o ABSOLUTE
    ../clib/microlib/longlong.c              0x00000000   Number         0  llsshr.o ABSOLUTE
    ../clib/microlib/longlong.c              0x00000000   Number         0  llushr.o ABSOLUTE
    ../clib/microlib/longlong.c              0x00000000   Number         0  llshl.o ABSOLUTE
    ../clib/microlib/printf/printf.c         0x00000000   Number         0  printf5.o ABSOLUTE
    ../clib/microlib/printf/printf.c         0x00000000   Number         0  printf7.o ABSOLUTE
    ../clib/microlib/printf/printf.c         0x00000000   Number         0  printf8.o ABSOLUTE
    ../clib/microlib/printf/printf.c         0x00000000   Number         0  printfa.o ABSOLUTE
    ../clib/microlib/printf/printf.c         0x00000000   Number         0  printfb.o ABSOLUTE
    ../clib/microlib/printf/printf.c         0x00000000   Number         0  printf0.o ABSOLUTE
    ../clib/microlib/printf/printf.c         0x00000000   Number         0  printf1.o ABSOLUTE
    ../clib/microlib/printf/printf.c         0x00000000   Number         0  printf6.o ABSOLUTE
    ../clib/microlib/printf/printf.c         0x00000000   Number         0  printf2.o ABSOLUTE
    ../clib/microlib/printf/printf.c         0x00000000   Number         0  printf3.o ABSOLUTE
    ../clib/microlib/printf/printf.c         0x00000000   Number         0  printf4.o ABSOLUTE
    ../clib/microlib/printf/stubs.s          0x00000000   Number         0  stubs.o ABSOLUTE
    ../clib/microlib/stdio/streams.c         0x00000000   Number         0  stdout.o ABSOLUTE
    ../clib/microlib/string/memset.c         0x00000000   Number         0  memseta.o ABSOLUTE
    ../clib/microlib/stubs.s                 0x00000000   Number         0  iusefp.o ABSOLUTE
    ../fplib/microlib/d2f.c                  0x00000000   Number         0  d2f.o ABSOLUTE
    ../fplib/microlib/f2d.c                  0x00000000   Number         0  f2d.o ABSOLUTE
    ../fplib/microlib/fpadd.c                0x00000000   Number         0  dadd.o ABSOLUTE
    ../fplib/microlib/fpadd.c                0x00000000   Number         0  fadd.o ABSOLUTE
    ../fplib/microlib/fpdiv.c                0x00000000   Number         0  fdiv.o ABSOLUTE
    ../fplib/microlib/fpdiv.c                0x00000000   Number         0  ddiv.o ABSOLUTE
    ../fplib/microlib/fpepilogue.c           0x00000000   Number         0  depilogue.o ABSOLUTE
    ../fplib/microlib/fpepilogue.c           0x00000000   Number         0  fepilogue.o ABSOLUTE
    ../fplib/microlib/fpfix.c                0x00000000   Number         0  ffixui.o ABSOLUTE
    ../fplib/microlib/fpfix.c                0x00000000   Number         0  dfixul.o ABSOLUTE
    ../fplib/microlib/fpflt.c                0x00000000   Number         0  ffltui.o ABSOLUTE
    ../fplib/microlib/fpflt.c                0x00000000   Number         0  fflti.o ABSOLUTE
    ../fplib/microlib/fpmul.c                0x00000000   Number         0  fmul.o ABSOLUTE
    ../fplib/microlib/fpmul.c                0x00000000   Number         0  dmul.o ABSOLUTE
    ../fplib/microlib/fpscalb.c              0x00000000   Number         0  dscalb.o ABSOLUTE
    ../fplib/microlib/fpsqrt.c               0x00000000   Number         0  fsqrt.o ABSOLUTE
    ../fplib/microlib/fpsqrt.c               0x00000000   Number         0  dsqrt.o ABSOLUTE
    ../mathlib/atan.c                        0x00000000   Number         0  atan.o ABSOLUTE
    ../mathlib/atan.c                        0x00000000   Number         0  atan_x.o ABSOLUTE
    ../mathlib/atan2.c                       0x00000000   Number         0  atan2.o ABSOLUTE
    ../mathlib/atan2.c                       0x00000000   Number         0  atan2_x.o ABSOLUTE
    ../mathlib/dunder.c                      0x00000000   Number         0  dunder.o ABSOLUTE
    ../mathlib/fpclassify.c                  0x00000000   Number         0  fpclassify.o ABSOLUTE
    ../mathlib/poly.c                        0x00000000   Number         0  poly.o ABSOLUTE
    ../mathlib/qnan.c                        0x00000000   Number         0  qnan.o ABSOLUTE
    ../mathlib/sqrt.c                        0x00000000   Number         0  sqrt.o ABSOLUTE
    ../mathlib/sqrt.c                        0x00000000   Number         0  sqrt_x.o ABSOLUTE
    ../mathlib/sqrtf.c                       0x00000000   Number         0  sqrtf_x.o ABSOLUTE
    ../mathlib/sqrtf.c                       0x00000000   Number         0  sqrtf.o ABSOLUTE
    ..\Core\Src\dma.c                        0x00000000   Number         0  dma.o ABSOLUTE
    ..\Core\Src\gpio.c                       0x00000000   Number         0  gpio.o ABSOLUTE
    ..\Core\Src\i2c.c                        0x00000000   Number         0  i2c.o ABSOLUTE
    ..\Core\Src\main.c                       0x00000000   Number         0  main.o ABSOLUTE
    ..\Core\Src\stm32f1xx_hal_msp.c          0x00000000   Number         0  stm32f1xx_hal_msp.o ABSOLUTE
    ..\Core\Src\stm32f1xx_it.c               0x00000000   Number         0  stm32f1xx_it.o ABSOLUTE
    ..\Core\Src\system_stm32f1xx.c           0x00000000   Number         0  system_stm32f1xx.o ABSOLUTE
    ..\Core\Src\tim.c                        0x00000000   Number         0  tim.o ABSOLUTE
    ..\Core\Src\usart.c                      0x00000000   Number         0  usart.o ABSOLUTE
    ..\Drivers\STM32F1xx_HAL_Driver\Src\stm32f1xx_hal.c 0x00000000   Number         0  stm32f1xx_hal.o ABSOLUTE
    ..\Drivers\STM32F1xx_HAL_Driver\Src\stm32f1xx_hal_cortex.c 0x00000000   Number         0  stm32f1xx_hal_cortex.o ABSOLUTE
    ..\Drivers\STM32F1xx_HAL_Driver\Src\stm32f1xx_hal_dma.c 0x00000000   Number         0  stm32f1xx_hal_dma.o ABSOLUTE
    ..\Drivers\STM32F1xx_HAL_Driver\Src\stm32f1xx_hal_exti.c 0x00000000   Number         0  stm32f1xx_hal_exti.o ABSOLUTE
    ..\Drivers\STM32F1xx_HAL_Driver\Src\stm32f1xx_hal_flash.c 0x00000000   Number         0  stm32f1xx_hal_flash.o ABSOLUTE
    ..\Drivers\STM32F1xx_HAL_Driver\Src\stm32f1xx_hal_flash_ex.c 0x00000000   Number         0  stm32f1xx_hal_flash_ex.o ABSOLUTE
    ..\Drivers\STM32F1xx_HAL_Driver\Src\stm32f1xx_hal_gpio.c 0x00000000   Number         0  stm32f1xx_hal_gpio.o ABSOLUTE
    ..\Drivers\STM32F1xx_HAL_Driver\Src\stm32f1xx_hal_gpio_ex.c 0x00000000   Number         0  stm32f1xx_hal_gpio_ex.o ABSOLUTE
    ..\Drivers\STM32F1xx_HAL_Driver\Src\stm32f1xx_hal_i2c.c 0x00000000   Number         0  stm32f1xx_hal_i2c.o ABSOLUTE
    ..\Drivers\STM32F1xx_HAL_Driver\Src\stm32f1xx_hal_pwr.c 0x00000000   Number         0  stm32f1xx_hal_pwr.o ABSOLUTE
    ..\Drivers\STM32F1xx_HAL_Driver\Src\stm32f1xx_hal_rcc.c 0x00000000   Number         0  stm32f1xx_hal_rcc.o ABSOLUTE
    ..\Drivers\STM32F1xx_HAL_Driver\Src\stm32f1xx_hal_rcc_ex.c 0x00000000   Number         0  stm32f1xx_hal_rcc_ex.o ABSOLUTE
    ..\Drivers\STM32F1xx_HAL_Driver\Src\stm32f1xx_hal_tim.c 0x00000000   Number         0  stm32f1xx_hal_tim.o ABSOLUTE
    ..\Drivers\STM32F1xx_HAL_Driver\Src\stm32f1xx_hal_tim_ex.c 0x00000000   Number         0  stm32f1xx_hal_tim_ex.o ABSOLUTE
    ..\Drivers\STM32F1xx_HAL_Driver\Src\stm32f1xx_hal_uart.c 0x00000000   Number         0  stm32f1xx_hal_uart.o ABSOLUTE
    ..\User\Src\Track.c                      0x00000000   Number         0  track.o ABSOLUTE
    ..\User\Src\bsp_uart.c                   0x00000000   Number         0  bsp_uart.o ABSOLUTE
    ..\User\Src\car.c                        0x00000000   Number         0  car.o ABSOLUTE
    ..\User\Src\kongzhi.c                    0x00000000   Number         0  kongzhi.o ABSOLUTE
    ..\User\Src\moto.c                       0x00000000   Number         0  moto.o ABSOLUTE
    ..\User\Src\mpu6050.c                    0x00000000   Number         0  mpu6050.o ABSOLUTE
    ..\User\Src\xunji.c                      0x00000000   Number         0  xunji.o ABSOLUTE
    ..\\User\\Src\\Track.c                   0x00000000   Number         0  track.o ABSOLUTE
    ..\\User\\Src\\bsp_uart.c                0x00000000   Number         0  bsp_uart.o ABSOLUTE
    ..\\User\\Src\\car.c                     0x00000000   Number         0  car.o ABSOLUTE
    ..\\User\\Src\\kongzhi.c                 0x00000000   Number         0  kongzhi.o ABSOLUTE
    ..\\User\\Src\\moto.c                    0x00000000   Number         0  moto.o ABSOLUTE
    ..\\User\\Src\\mpu6050.c                 0x00000000   Number         0  mpu6050.o ABSOLUTE
    ..\\User\\Src\\xunji.c                   0x00000000   Number         0  xunji.o ABSOLUTE
    cdcmple.s                                0x00000000   Number         0  cdcmple.o ABSOLUTE
    cdrcmple.s                               0x00000000   Number         0  cdrcmple.o ABSOLUTE
    cfcmple.s                                0x00000000   Number         0  cfcmple.o ABSOLUTE
    cfrcmple.s                               0x00000000   Number         0  cfrcmple.o ABSOLUTE
    dc.s                                     0x00000000   Number         0  dc.o ABSOLUTE
    handlers.s                               0x00000000   Number         0  handlers.o ABSOLUTE
    init.s                                   0x00000000   Number         0  init.o ABSOLUTE
    startup_stm32f103xb.s                    0x00000000   Number         0  startup_stm32f103xb.o ABSOLUTE
    RESET                                    0x08000000   Section      236  startup_stm32f103xb.o(RESET)
    .ARM.Collect$$$$00000000                 0x080000ec   Section        0  entry.o(.ARM.Collect$$$$00000000)
    .ARM.Collect$$$$00000001                 0x080000ec   Section        4  entry2.o(.ARM.Collect$$$$00000001)
    .ARM.Collect$$$$00000004                 0x080000f0   Section        4  entry5.o(.ARM.Collect$$$$00000004)
    .ARM.Collect$$$$00000008                 0x080000f4   Section        0  entry7b.o(.ARM.Collect$$$$00000008)
    .ARM.Collect$$$$0000000A                 0x080000f4   Section        0  entry8b.o(.ARM.Collect$$$$0000000A)
    .ARM.Collect$$$$0000000B                 0x080000f4   Section        8  entry9a.o(.ARM.Collect$$$$0000000B)
    .ARM.Collect$$$$0000000D                 0x080000fc   Section        0  entry10a.o(.ARM.Collect$$$$0000000D)
    .ARM.Collect$$$$0000000F                 0x080000fc   Section        0  entry11a.o(.ARM.Collect$$$$0000000F)
    .ARM.Collect$$$$00002712                 0x080000fc   Section        4  entry2.o(.ARM.Collect$$$$00002712)
    __lit__00000000                          0x080000fc   Data           4  entry2.o(.ARM.Collect$$$$00002712)
    .text                                    0x08000100   Section       36  startup_stm32f103xb.o(.text)
    .text                                    0x08000124   Section        0  llushr.o(.text)
    .text                                    0x08000144   Section        0  memseta.o(.text)
    .text                                    0x08000168   Section        0  fadd.o(.text)
    .text                                    0x08000218   Section        0  fmul.o(.text)
    .text                                    0x0800027c   Section        0  dmul.o(.text)
    .text                                    0x08000360   Section        0  ddiv.o(.text)
    .text                                    0x0800043e   Section        0  fflti.o(.text)
    .text                                    0x08000450   Section        0  f2d.o(.text)
    .text                                    0x08000476   Section        0  d2f.o(.text)
    .text                                    0x080004b0   Section       20  cfcmple.o(.text)
    .text                                    0x080004c4   Section        0  uidiv.o(.text)
    .text                                    0x080004f0   Section        0  uldiv.o(.text)
    .text                                    0x08000552   Section        0  fepilogue.o(.text)
    .text                                    0x08000552   Section        0  iusefp.o(.text)
    .text                                    0x080005c0   Section        0  depilogue.o(.text)
    .text                                    0x0800067a   Section        0  dadd.o(.text)
    .text                                    0x080007c8   Section        0  dfixul.o(.text)
    .text                                    0x080007f8   Section       48  cdrcmple.o(.text)
    .text                                    0x08000828   Section       36  init.o(.text)
    .text                                    0x0800084c   Section        0  llshl.o(.text)
    .text                                    0x0800086a   Section        0  llsshr.o(.text)
    i.BusFault_Handler                       0x0800088e   Section        0  stm32f1xx_it.o(i.BusFault_Handler)
    i.Car_Stop                               0x08000892   Section        0  car.o(i.Car_Stop)
    i.DMA1_Channel5_IRQHandler               0x080008a4   Section        0  stm32f1xx_it.o(i.DMA1_Channel5_IRQHandler)
    i.DMA_SetConfig                          0x080008b4   Section        0  stm32f1xx_hal_dma.o(i.DMA_SetConfig)
    DMA_SetConfig                            0x080008b5   Thumb Code    44  stm32f1xx_hal_dma.o(i.DMA_SetConfig)
    i.DebugMon_Handler                       0x080008e0   Section        0  stm32f1xx_it.o(i.DebugMon_Handler)
    i.DebugUART_Init                         0x080008e4   Section        0  bsp_uart.o(i.DebugUART_Init)
    i.Error_Handler                          0x080008fc   Section        0  main.o(i.Error_Handler)
    i.Go_Ahead                               0x08000902   Section        0  car.o(i.Go_Ahead)
    i.Go_Back                                0x08000918   Section        0  car.o(i.Go_Back)
    i.HAL_DMA_Abort                          0x0800092c   Section        0  stm32f1xx_hal_dma.o(i.HAL_DMA_Abort)
    i.HAL_DMA_Abort_IT                       0x08000984   Section        0  stm32f1xx_hal_dma.o(i.HAL_DMA_Abort_IT)
    i.HAL_DMA_IRQHandler                     0x08000a34   Section        0  stm32f1xx_hal_dma.o(i.HAL_DMA_IRQHandler)
    i.HAL_DMA_Init                           0x08000bd0   Section        0  stm32f1xx_hal_dma.o(i.HAL_DMA_Init)
    i.HAL_DMA_Start_IT                       0x08000c38   Section        0  stm32f1xx_hal_dma.o(i.HAL_DMA_Start_IT)
    i.HAL_GPIO_Init                          0x08000cd4   Section        0  stm32f1xx_hal_gpio.o(i.HAL_GPIO_Init)
    i.HAL_GPIO_ReadPin                       0x08000ff4   Section        0  stm32f1xx_hal_gpio.o(i.HAL_GPIO_ReadPin)
    i.HAL_GPIO_TogglePin                     0x08001004   Section        0  stm32f1xx_hal_gpio.o(i.HAL_GPIO_TogglePin)
    i.HAL_GPIO_WritePin                      0x08001018   Section        0  stm32f1xx_hal_gpio.o(i.HAL_GPIO_WritePin)
    i.HAL_GetTick                            0x08001024   Section        0  stm32f1xx_hal.o(i.HAL_GetTick)
    i.HAL_I2C_Init                           0x08001030   Section        0  stm32f1xx_hal_i2c.o(i.HAL_I2C_Init)
    i.HAL_I2C_MspInit                        0x08001200   Section        0  i2c.o(i.HAL_I2C_MspInit)
    i.HAL_IncTick                            0x08001274   Section        0  stm32f1xx_hal.o(i.HAL_IncTick)
    i.HAL_Init                               0x0800128c   Section        0  stm32f1xx_hal.o(i.HAL_Init)
    i.HAL_InitTick                           0x080012b4   Section        0  stm32f1xx_hal.o(i.HAL_InitTick)
    i.HAL_MspInit                            0x08001300   Section        0  stm32f1xx_hal_msp.o(i.HAL_MspInit)
    i.HAL_NVIC_EnableIRQ                     0x08001354   Section        0  stm32f1xx_hal_cortex.o(i.HAL_NVIC_EnableIRQ)
    i.HAL_NVIC_SetPriority                   0x08001374   Section        0  stm32f1xx_hal_cortex.o(i.HAL_NVIC_SetPriority)
    i.HAL_NVIC_SetPriorityGrouping           0x080013f0   Section        0  stm32f1xx_hal_cortex.o(i.HAL_NVIC_SetPriorityGrouping)
    i.HAL_RCC_ClockConfig                    0x08001418   Section        0  stm32f1xx_hal_rcc.o(i.HAL_RCC_ClockConfig)
    i.HAL_RCC_GetHCLKFreq                    0x080015a4   Section        0  stm32f1xx_hal_rcc.o(i.HAL_RCC_GetHCLKFreq)
    i.HAL_RCC_GetPCLK1Freq                   0x080015b0   Section        0  stm32f1xx_hal_rcc.o(i.HAL_RCC_GetPCLK1Freq)
    i.HAL_RCC_GetPCLK2Freq                   0x080015d0   Section        0  stm32f1xx_hal_rcc.o(i.HAL_RCC_GetPCLK2Freq)
    i.HAL_RCC_GetSysClockFreq                0x080015f0   Section        0  stm32f1xx_hal_rcc.o(i.HAL_RCC_GetSysClockFreq)
    i.HAL_RCC_OscConfig                      0x08001660   Section        0  stm32f1xx_hal_rcc.o(i.HAL_RCC_OscConfig)
    i.HAL_SYSTICK_Config                     0x08001ac4   Section        0  stm32f1xx_hal_cortex.o(i.HAL_SYSTICK_Config)
    i.HAL_TIMEx_MasterConfigSynchronization  0x08001af8   Section        0  stm32f1xx_hal_tim_ex.o(i.HAL_TIMEx_MasterConfigSynchronization)
    i.HAL_TIM_Base_Init                      0x08001b7c   Section        0  stm32f1xx_hal_tim.o(i.HAL_TIM_Base_Init)
    i.HAL_TIM_Base_MspInit                   0x08001be4   Section        0  tim.o(i.HAL_TIM_Base_MspInit)
    i.HAL_TIM_ConfigClockSource              0x08001c14   Section        0  stm32f1xx_hal_tim.o(i.HAL_TIM_ConfigClockSource)
    i.HAL_TIM_MspPostInit                    0x08001d20   Section        0  tim.o(i.HAL_TIM_MspPostInit)
    i.HAL_TIM_PWM_ConfigChannel              0x08001d78   Section        0  stm32f1xx_hal_tim.o(i.HAL_TIM_PWM_ConfigChannel)
    i.HAL_TIM_PWM_Init                       0x08001e7c   Section        0  stm32f1xx_hal_tim.o(i.HAL_TIM_PWM_Init)
    i.HAL_TIM_PWM_MspInit                    0x08001ee2   Section        0  stm32f1xx_hal_tim.o(i.HAL_TIM_PWM_MspInit)
    i.HAL_TIM_PWM_Start                      0x08001ee4   Section        0  stm32f1xx_hal_tim.o(i.HAL_TIM_PWM_Start)
    i.HAL_UARTEx_ReceiveToIdle_DMA           0x08001fb8   Section        0  stm32f1xx_hal_uart.o(i.HAL_UARTEx_ReceiveToIdle_DMA)
    i.HAL_UARTEx_RxEventCallback             0x08002028   Section        0  bsp_uart.o(i.HAL_UARTEx_RxEventCallback)
    i.HAL_UART_ErrorCallback                 0x080020c0   Section        0  stm32f1xx_hal_uart.o(i.HAL_UART_ErrorCallback)
    i.HAL_UART_IRQHandler                    0x080020c4   Section        0  stm32f1xx_hal_uart.o(i.HAL_UART_IRQHandler)
    i.HAL_UART_Init                          0x080023a8   Section        0  stm32f1xx_hal_uart.o(i.HAL_UART_Init)
    i.HAL_UART_MspInit                       0x08002420   Section        0  usart.o(i.HAL_UART_MspInit)
    i.HAL_UART_RxCpltCallback                0x080024f0   Section        0  stm32f1xx_hal_uart.o(i.HAL_UART_RxCpltCallback)
    i.HAL_UART_RxHalfCpltCallback            0x080024f2   Section        0  stm32f1xx_hal_uart.o(i.HAL_UART_RxHalfCpltCallback)
    i.HAL_UART_Transmit                      0x080024f4   Section        0  stm32f1xx_hal_uart.o(i.HAL_UART_Transmit)
    i.HAL_UART_TxCpltCallback                0x080025b2   Section        0  stm32f1xx_hal_uart.o(i.HAL_UART_TxCpltCallback)
    i.HardFault_Handler                      0x080025b4   Section        0  stm32f1xx_it.o(i.HardFault_Handler)
    i.MX_DMA_Init                            0x080025b8   Section        0  dma.o(i.MX_DMA_Init)
    i.MX_GPIO_Init                           0x080025ec   Section        0  gpio.o(i.MX_GPIO_Init)
    i.MX_I2C1_Init                           0x080026cc   Section        0  i2c.o(i.MX_I2C1_Init)
    i.MX_TIM3_Init                           0x08002708   Section        0  tim.o(i.MX_TIM3_Init)
    i.MX_USART1_UART_Init                    0x080027bc   Section        0  usart.o(i.MX_USART1_UART_Init)
    i.MemManage_Handler                      0x080027f4   Section        0  stm32f1xx_it.o(i.MemManage_Handler)
    i.MotorA_SetSpeed                        0x080027f8   Section        0  moto.o(i.MotorA_SetSpeed)
    i.MotorB_SetSpeed                        0x08002864   Section        0  moto.o(i.MotorB_SetSpeed)
    i.Motor_Init                             0x080028d0   Section        0  moto.o(i.Motor_Init)
    i.NMI_Handler                            0x08002914   Section        0  stm32f1xx_it.o(i.NMI_Handler)
    i.PendSV_Handler                         0x08002918   Section        0  stm32f1xx_it.o(i.PendSV_Handler)
    i.Printf_Coord                           0x0800291c   Section        0  track.o(i.Printf_Coord)
    i.RCC_Delay                              0x0800297c   Section        0  stm32f1xx_hal_rcc.o(i.RCC_Delay)
    RCC_Delay                                0x0800297d   Thumb Code    36  stm32f1xx_hal_rcc.o(i.RCC_Delay)
    i.SVC_Handler                            0x080029a4   Section        0  stm32f1xx_it.o(i.SVC_Handler)
    i.Self_Left                              0x080029a8   Section        0  car.o(i.Self_Left)
    i.Self_Right                             0x080029c0   Section        0  car.o(i.Self_Right)
    i.SysTick_Handler                        0x080029d8   Section        0  stm32f1xx_it.o(i.SysTick_Handler)
    i.SystemClock_Config                     0x080029e0   Section        0  main.o(i.SystemClock_Config)
    i.SystemInit                             0x08002a46   Section        0  system_stm32f1xx.o(i.SystemInit)
    i.TIM_Base_SetConfig                     0x08002a48   Section        0  stm32f1xx_hal_tim.o(i.TIM_Base_SetConfig)
    i.TIM_CCxChannelCmd                      0x08002acc   Section        0  stm32f1xx_hal_tim.o(i.TIM_CCxChannelCmd)
    i.TIM_ETR_SetConfig                      0x08002aee   Section        0  stm32f1xx_hal_tim.o(i.TIM_ETR_SetConfig)
    i.TIM_ITRx_SetConfig                     0x08002b04   Section        0  stm32f1xx_hal_tim.o(i.TIM_ITRx_SetConfig)
    TIM_ITRx_SetConfig                       0x08002b05   Thumb Code    18  stm32f1xx_hal_tim.o(i.TIM_ITRx_SetConfig)
    i.TIM_OC1_SetConfig                      0x08002b18   Section        0  stm32f1xx_hal_tim.o(i.TIM_OC1_SetConfig)
    TIM_OC1_SetConfig                        0x08002b19   Thumb Code    90  stm32f1xx_hal_tim.o(i.TIM_OC1_SetConfig)
    i.TIM_OC2_SetConfig                      0x08002b78   Section        0  stm32f1xx_hal_tim.o(i.TIM_OC2_SetConfig)
    i.TIM_OC3_SetConfig                      0x08002be0   Section        0  stm32f1xx_hal_tim.o(i.TIM_OC3_SetConfig)
    TIM_OC3_SetConfig                        0x08002be1   Thumb Code    98  stm32f1xx_hal_tim.o(i.TIM_OC3_SetConfig)
    i.TIM_OC4_SetConfig                      0x08002c48   Section        0  stm32f1xx_hal_tim.o(i.TIM_OC4_SetConfig)
    TIM_OC4_SetConfig                        0x08002c49   Thumb Code    68  stm32f1xx_hal_tim.o(i.TIM_OC4_SetConfig)
    i.TIM_TI1_ConfigInputStage               0x08002c90   Section        0  stm32f1xx_hal_tim.o(i.TIM_TI1_ConfigInputStage)
    TIM_TI1_ConfigInputStage                 0x08002c91   Thumb Code    38  stm32f1xx_hal_tim.o(i.TIM_TI1_ConfigInputStage)
    i.TIM_TI2_ConfigInputStage               0x08002cb6   Section        0  stm32f1xx_hal_tim.o(i.TIM_TI2_ConfigInputStage)
    TIM_TI2_ConfigInputStage                 0x08002cb7   Thumb Code    40  stm32f1xx_hal_tim.o(i.TIM_TI2_ConfigInputStage)
    i.Track                                  0x08002ce0   Section        0  track.o(i.Track)
    i.Turn_Left                              0x08002de8   Section        0  car.o(i.Turn_Left)
    i.Turn_Right                             0x08002dfc   Section        0  car.o(i.Turn_Right)
    i.UART_DMAAbortOnError                   0x08002e10   Section        0  stm32f1xx_hal_uart.o(i.UART_DMAAbortOnError)
    UART_DMAAbortOnError                     0x08002e11   Thumb Code    20  stm32f1xx_hal_uart.o(i.UART_DMAAbortOnError)
    i.UART_DMAError                          0x08002e24   Section        0  stm32f1xx_hal_uart.o(i.UART_DMAError)
    UART_DMAError                            0x08002e25   Thumb Code    80  stm32f1xx_hal_uart.o(i.UART_DMAError)
    i.UART_DMAReceiveCplt                    0x08002e74   Section        0  stm32f1xx_hal_uart.o(i.UART_DMAReceiveCplt)
    UART_DMAReceiveCplt                      0x08002e75   Thumb Code   180  stm32f1xx_hal_uart.o(i.UART_DMAReceiveCplt)
    i.UART_DMARxHalfCplt                     0x08002f28   Section        0  stm32f1xx_hal_uart.o(i.UART_DMARxHalfCplt)
    UART_DMARxHalfCplt                       0x08002f29   Thumb Code    36  stm32f1xx_hal_uart.o(i.UART_DMARxHalfCplt)
    i.UART_EndRxTransfer                     0x08002f4c   Section        0  stm32f1xx_hal_uart.o(i.UART_EndRxTransfer)
    UART_EndRxTransfer                       0x08002f4d   Thumb Code   108  stm32f1xx_hal_uart.o(i.UART_EndRxTransfer)
    i.UART_EndTransmit_IT                    0x08002fb8   Section        0  stm32f1xx_hal_uart.o(i.UART_EndTransmit_IT)
    UART_EndTransmit_IT                      0x08002fb9   Thumb Code    32  stm32f1xx_hal_uart.o(i.UART_EndTransmit_IT)
    i.UART_EndTxTransfer                     0x08002fd8   Section        0  stm32f1xx_hal_uart.o(i.UART_EndTxTransfer)
    UART_EndTxTransfer                       0x08002fd9   Thumb Code    38  stm32f1xx_hal_uart.o(i.UART_EndTxTransfer)
    i.UART_Receive_IT                        0x08002ffe   Section        0  stm32f1xx_hal_uart.o(i.UART_Receive_IT)
    UART_Receive_IT                          0x08002fff   Thumb Code   252  stm32f1xx_hal_uart.o(i.UART_Receive_IT)
    i.UART_SetConfig                         0x080030fc   Section        0  stm32f1xx_hal_uart.o(i.UART_SetConfig)
    UART_SetConfig                           0x080030fd   Thumb Code   248  stm32f1xx_hal_uart.o(i.UART_SetConfig)
    i.UART_Start_Receive_DMA                 0x080031f8   Section        0  stm32f1xx_hal_uart.o(i.UART_Start_Receive_DMA)
    i.UART_Transmit_IT                       0x080032c0   Section        0  stm32f1xx_hal_uart.o(i.UART_Transmit_IT)
    UART_Transmit_IT                         0x080032c1   Thumb Code    96  stm32f1xx_hal_uart.o(i.UART_Transmit_IT)
    i.UART_WaitOnFlagUntilTimeout            0x08003320   Section        0  stm32f1xx_hal_uart.o(i.UART_WaitOnFlagUntilTimeout)
    UART_WaitOnFlagUntilTimeout              0x08003321   Thumb Code   140  stm32f1xx_hal_uart.o(i.UART_WaitOnFlagUntilTimeout)
    i.USART1_IRQHandler                      0x080033ac   Section        0  stm32f1xx_it.o(i.USART1_IRQHandler)
    i.UsageFault_Handler                     0x080033bc   Section        0  stm32f1xx_it.o(i.UsageFault_Handler)
    i.__0printf                              0x080033c0   Section        0  printfa.o(i.__0printf)
    i.__NVIC_GetPriorityGrouping             0x080033e0   Section        0  stm32f1xx_hal_cortex.o(i.__NVIC_GetPriorityGrouping)
    __NVIC_GetPriorityGrouping               0x080033e1   Thumb Code    10  stm32f1xx_hal_cortex.o(i.__NVIC_GetPriorityGrouping)
    i.__NVIC_SetPriority                     0x080033f0   Section        0  stm32f1xx_hal_cortex.o(i.__NVIC_SetPriority)
    __NVIC_SetPriority                       0x080033f1   Thumb Code    32  stm32f1xx_hal_cortex.o(i.__NVIC_SetPriority)
    i.__scatterload_copy                     0x08003418   Section       14  handlers.o(i.__scatterload_copy)
    i.__scatterload_null                     0x08003426   Section        2  handlers.o(i.__scatterload_null)
    i.__scatterload_zeroinit                 0x08003428   Section       14  handlers.o(i.__scatterload_zeroinit)
    i._fp_digits                             0x08003438   Section        0  printfa.o(i._fp_digits)
    _fp_digits                               0x08003439   Thumb Code   366  printfa.o(i._fp_digits)
    i._printf_core                           0x080035bc   Section        0  printfa.o(i._printf_core)
    _printf_core                             0x080035bd   Thumb Code  1744  printfa.o(i._printf_core)
    i._printf_post_padding                   0x08003c98   Section        0  printfa.o(i._printf_post_padding)
    _printf_post_padding                     0x08003c99   Thumb Code    36  printfa.o(i._printf_post_padding)
    i._printf_pre_padding                    0x08003cbc   Section        0  printfa.o(i._printf_pre_padding)
    _printf_pre_padding                      0x08003cbd   Thumb Code    46  printfa.o(i._printf_pre_padding)
    i.fputc                                  0x08003cec   Section        0  bsp_uart.o(i.fputc)
    i.main                                   0x08003d08   Section        0  main.o(i.main)
    .constdata                               0x08003d38   Section       18  stm32f1xx_hal_rcc.o(.constdata)
    aPLLMULFactorTable                       0x08003d38   Data          16  stm32f1xx_hal_rcc.o(.constdata)
    aPredivFactorTable                       0x08003d48   Data           2  stm32f1xx_hal_rcc.o(.constdata)
    .constdata                               0x08003d4a   Section       24  system_stm32f1xx.o(.constdata)
    .data                                    0x20000000   Section        9  stm32f1xx_hal.o(.data)
    .data                                    0x2000000c   Section        4  system_stm32f1xx.o(.data)
    .data                                    0x20000010   Section        5  bsp_uart.o(.data)
    .data                                    0x20000018   Section       56  track.o(.data)
    task_next_time_track_task                0x20000048   Data           4  track.o(.data)
    task_next_time_printf_coord              0x2000004c   Data           4  track.o(.data)
    .data                                    0x20000050   Section        4  stdout.o(.data)
    .bss                                     0x20000054   Section       84  i2c.o(.bss)
    .bss                                     0x200000a8   Section       72  tim.o(.bss)
    .bss                                     0x200000f0   Section      140  usart.o(.bss)
    .bss                                     0x2000017c   Section       16  track.o(.bss)
    STACK                                    0x20000190   Section     1024  startup_stm32f103xb.o(STACK)

    Global Symbols

    Symbol Name                              Value     Ov Type        Size  Object(Section)

    BuildAttributes$$THM_ISAv4$P$D$K$B$S$PE$A:L22UL41UL21$X:L11$S22US41US21$IEEE1$IW$USESV6$~STKCKD$USESV7$~SHL$OTIME$ROPI$IEEEX$EBA8$MICROLIB$REQ8$PRES8$EABIv2 0x00000000   Number         0  anon$$obj.o ABSOLUTE
    __ARM_use_no_argv                        0x00000000   Number         0  main.o ABSOLUTE
    _printf_a                                0x00000000   Number         0  stubs.o ABSOLUTE
    _printf_c                                0x00000000   Number         0  stubs.o ABSOLUTE
    _printf_charcount                        0x00000000   Number         0  stubs.o ABSOLUTE
    _printf_d                                0x00000000   Number         0  stubs.o ABSOLUTE
    _printf_e                                0x00000000   Number         0  stubs.o ABSOLUTE
    _printf_f                                0x00000000   Number         0  stubs.o ABSOLUTE
    _printf_flags                            0x00000000   Number         0  stubs.o ABSOLUTE
    _printf_fp_dec                           0x00000000   Number         0  stubs.o ABSOLUTE
    _printf_fp_hex                           0x00000000   Number         0  stubs.o ABSOLUTE
    _printf_g                                0x00000000   Number         0  stubs.o ABSOLUTE
    _printf_i                                0x00000000   Number         0  stubs.o ABSOLUTE
    _printf_int_dec                          0x00000000   Number         0  stubs.o ABSOLUTE
    _printf_l                                0x00000000   Number         0  stubs.o ABSOLUTE
    _printf_lc                               0x00000000   Number         0  stubs.o ABSOLUTE
    _printf_ll                               0x00000000   Number         0  stubs.o ABSOLUTE
    _printf_lld                              0x00000000   Number         0  stubs.o ABSOLUTE
    _printf_lli                              0x00000000   Number         0  stubs.o ABSOLUTE
    _printf_llo                              0x00000000   Number         0  stubs.o ABSOLUTE
    _printf_llu                              0x00000000   Number         0  stubs.o ABSOLUTE
    _printf_llx                              0x00000000   Number         0  stubs.o ABSOLUTE
    _printf_longlong_dec                     0x00000000   Number         0  stubs.o ABSOLUTE
    _printf_longlong_hex                     0x00000000   Number         0  stubs.o ABSOLUTE
    _printf_longlong_oct                     0x00000000   Number         0  stubs.o ABSOLUTE
    _printf_ls                               0x00000000   Number         0  stubs.o ABSOLUTE
    _printf_mbtowc                           0x00000000   Number         0  stubs.o ABSOLUTE
    _printf_n                                0x00000000   Number         0  stubs.o ABSOLUTE
    _printf_o                                0x00000000   Number         0  stubs.o ABSOLUTE
    _printf_p                                0x00000000   Number         0  stubs.o ABSOLUTE
    _printf_percent                          0x00000000   Number         0  stubs.o ABSOLUTE
    _printf_pre_padding                      0x00000000   Number         0  stubs.o ABSOLUTE
    _printf_return_value                     0x00000000   Number         0  stubs.o ABSOLUTE
    _printf_s                                0x00000000   Number         0  stubs.o ABSOLUTE
    _printf_sizespec                         0x00000000   Number         0  stubs.o ABSOLUTE
    _printf_str                              0x00000000   Number         0  stubs.o ABSOLUTE
    _printf_truncate_signed                  0x00000000   Number         0  stubs.o ABSOLUTE
    _printf_truncate_unsigned                0x00000000   Number         0  stubs.o ABSOLUTE
    _printf_u                                0x00000000   Number         0  stubs.o ABSOLUTE
    _printf_wc                               0x00000000   Number         0  stubs.o ABSOLUTE
    _printf_wctomb                           0x00000000   Number         0  stubs.o ABSOLUTE
    _printf_widthprec                        0x00000000   Number         0  stubs.o ABSOLUTE
    _printf_x                                0x00000000   Number         0  stubs.o ABSOLUTE
    __cpp_initialize__aeabi_                  - Undefined Weak Reference
    __cxa_finalize                            - Undefined Weak Reference
    __decompress                              - Undefined Weak Reference
    _clock_init                               - Undefined Weak Reference
    _microlib_exit                            - Undefined Weak Reference
    __Vectors_Size                           0x000000ec   Number         0  startup_stm32f103xb.o ABSOLUTE
    __Vectors                                0x08000000   Data           4  startup_stm32f103xb.o(RESET)
    __Vectors_End                            0x080000ec   Data           0  startup_stm32f103xb.o(RESET)
    __main                                   0x080000ed   Thumb Code     0  entry.o(.ARM.Collect$$$$00000000)
    _main_stk                                0x080000ed   Thumb Code     0  entry2.o(.ARM.Collect$$$$00000001)
    _main_scatterload                        0x080000f1   Thumb Code     0  entry5.o(.ARM.Collect$$$$00000004)
    __main_after_scatterload                 0x080000f5   Thumb Code     0  entry5.o(.ARM.Collect$$$$00000004)
    _main_clock                              0x080000f5   Thumb Code     0  entry7b.o(.ARM.Collect$$$$00000008)
    _main_cpp_init                           0x080000f5   Thumb Code     0  entry8b.o(.ARM.Collect$$$$0000000A)
    _main_init                               0x080000f5   Thumb Code     0  entry9a.o(.ARM.Collect$$$$0000000B)
    __rt_final_cpp                           0x080000fd   Thumb Code     0  entry10a.o(.ARM.Collect$$$$0000000D)
    __rt_final_exit                          0x080000fd   Thumb Code     0  entry11a.o(.ARM.Collect$$$$0000000F)
    Reset_Handler                            0x08000101   Thumb Code     8  startup_stm32f103xb.o(.text)
    ADC1_2_IRQHandler                        0x0800011b   Thumb Code     0  startup_stm32f103xb.o(.text)
    CAN1_RX1_IRQHandler                      0x0800011b   Thumb Code     0  startup_stm32f103xb.o(.text)
    CAN1_SCE_IRQHandler                      0x0800011b   Thumb Code     0  startup_stm32f103xb.o(.text)
    DMA1_Channel1_IRQHandler                 0x0800011b   Thumb Code     0  startup_stm32f103xb.o(.text)
    DMA1_Channel2_IRQHandler                 0x0800011b   Thumb Code     0  startup_stm32f103xb.o(.text)
    DMA1_Channel3_IRQHandler                 0x0800011b   Thumb Code     0  startup_stm32f103xb.o(.text)
    DMA1_Channel4_IRQHandler                 0x0800011b   Thumb Code     0  startup_stm32f103xb.o(.text)
    DMA1_Channel6_IRQHandler                 0x0800011b   Thumb Code     0  startup_stm32f103xb.o(.text)
    DMA1_Channel7_IRQHandler                 0x0800011b   Thumb Code     0  startup_stm32f103xb.o(.text)
    EXTI0_IRQHandler                         0x0800011b   Thumb Code     0  startup_stm32f103xb.o(.text)
    EXTI15_10_IRQHandler                     0x0800011b   Thumb Code     0  startup_stm32f103xb.o(.text)
    EXTI1_IRQHandler                         0x0800011b   Thumb Code     0  startup_stm32f103xb.o(.text)
    EXTI2_IRQHandler                         0x0800011b   Thumb Code     0  startup_stm32f103xb.o(.text)
    EXTI3_IRQHandler                         0x0800011b   Thumb Code     0  startup_stm32f103xb.o(.text)
    EXTI4_IRQHandler                         0x0800011b   Thumb Code     0  startup_stm32f103xb.o(.text)
    EXTI9_5_IRQHandler                       0x0800011b   Thumb Code     0  startup_stm32f103xb.o(.text)
    FLASH_IRQHandler                         0x0800011b   Thumb Code     0  startup_stm32f103xb.o(.text)
    I2C1_ER_IRQHandler                       0x0800011b   Thumb Code     0  startup_stm32f103xb.o(.text)
    I2C1_EV_IRQHandler                       0x0800011b   Thumb Code     0  startup_stm32f103xb.o(.text)
    I2C2_ER_IRQHandler                       0x0800011b   Thumb Code     0  startup_stm32f103xb.o(.text)
    I2C2_EV_IRQHandler                       0x0800011b   Thumb Code     0  startup_stm32f103xb.o(.text)
    PVD_IRQHandler                           0x0800011b   Thumb Code     0  startup_stm32f103xb.o(.text)
    RCC_IRQHandler                           0x0800011b   Thumb Code     0  startup_stm32f103xb.o(.text)
    RTC_Alarm_IRQHandler                     0x0800011b   Thumb Code     0  startup_stm32f103xb.o(.text)
    RTC_IRQHandler                           0x0800011b   Thumb Code     0  startup_stm32f103xb.o(.text)
    SPI1_IRQHandler                          0x0800011b   Thumb Code     0  startup_stm32f103xb.o(.text)
    SPI2_IRQHandler                          0x0800011b   Thumb Code     0  startup_stm32f103xb.o(.text)
    TAMPER_IRQHandler                        0x0800011b   Thumb Code     0  startup_stm32f103xb.o(.text)
    TIM1_BRK_IRQHandler                      0x0800011b   Thumb Code     0  startup_stm32f103xb.o(.text)
    TIM1_CC_IRQHandler                       0x0800011b   Thumb Code     0  startup_stm32f103xb.o(.text)
    TIM1_TRG_COM_IRQHandler                  0x0800011b   Thumb Code     0  startup_stm32f103xb.o(.text)
    TIM1_UP_IRQHandler                       0x0800011b   Thumb Code     0  startup_stm32f103xb.o(.text)
    TIM2_IRQHandler                          0x0800011b   Thumb Code     0  startup_stm32f103xb.o(.text)
    TIM3_IRQHandler                          0x0800011b   Thumb Code     0  startup_stm32f103xb.o(.text)
    TIM4_IRQHandler                          0x0800011b   Thumb Code     0  startup_stm32f103xb.o(.text)
    USART2_IRQHandler                        0x0800011b   Thumb Code     0  startup_stm32f103xb.o(.text)
    USART3_IRQHandler                        0x0800011b   Thumb Code     0  startup_stm32f103xb.o(.text)
    USBWakeUp_IRQHandler                     0x0800011b   Thumb Code     0  startup_stm32f103xb.o(.text)
    USB_HP_CAN1_TX_IRQHandler                0x0800011b   Thumb Code     0  startup_stm32f103xb.o(.text)
    USB_LP_CAN1_RX0_IRQHandler               0x0800011b   Thumb Code     0  startup_stm32f103xb.o(.text)
    WWDG_IRQHandler                          0x0800011b   Thumb Code     0  startup_stm32f103xb.o(.text)
    __aeabi_llsr                             0x08000125   Thumb Code    32  llushr.o(.text)
    _ll_ushift_r                             0x08000125   Thumb Code     0  llushr.o(.text)
    __aeabi_memset                           0x08000145   Thumb Code    14  memseta.o(.text)
    __aeabi_memset4                          0x08000145   Thumb Code     0  memseta.o(.text)
    __aeabi_memset8                          0x08000145   Thumb Code     0  memseta.o(.text)
    __aeabi_memclr                           0x08000153   Thumb Code     4  memseta.o(.text)
    __aeabi_memclr4                          0x08000153   Thumb Code     0  memseta.o(.text)
    __aeabi_memclr8                          0x08000153   Thumb Code     0  memseta.o(.text)
    _memset$wrapper                          0x08000157   Thumb Code    18  memseta.o(.text)
    __aeabi_fadd                             0x08000169   Thumb Code   164  fadd.o(.text)
    __aeabi_fsub                             0x0800020d   Thumb Code     6  fadd.o(.text)
    __aeabi_frsub                            0x08000213   Thumb Code     6  fadd.o(.text)
    __aeabi_fmul                             0x08000219   Thumb Code   100  fmul.o(.text)
    __aeabi_dmul                             0x0800027d   Thumb Code   228  dmul.o(.text)
    __aeabi_ddiv                             0x08000361   Thumb Code   222  ddiv.o(.text)
    __aeabi_i2f                              0x0800043f   Thumb Code    18  fflti.o(.text)
    __aeabi_f2d                              0x08000451   Thumb Code    38  f2d.o(.text)
    __aeabi_d2f                              0x08000477   Thumb Code    56  d2f.o(.text)
    __aeabi_cfcmpeq                          0x080004b1   Thumb Code     0  cfcmple.o(.text)
    __aeabi_cfcmple                          0x080004b1   Thumb Code    20  cfcmple.o(.text)
    __aeabi_uidiv                            0x080004c5   Thumb Code     0  uidiv.o(.text)
    __aeabi_uidivmod                         0x080004c5   Thumb Code    44  uidiv.o(.text)
    __aeabi_uldivmod                         0x080004f1   Thumb Code    98  uldiv.o(.text)
    __I$use$fp                               0x08000553   Thumb Code     0  iusefp.o(.text)
    _float_round                             0x08000553   Thumb Code    18  fepilogue.o(.text)
    _float_epilogue                          0x08000565   Thumb Code    92  fepilogue.o(.text)
    _double_round                            0x080005c1   Thumb Code    30  depilogue.o(.text)
    _double_epilogue                         0x080005df   Thumb Code   156  depilogue.o(.text)
    __aeabi_dadd                             0x0800067b   Thumb Code   322  dadd.o(.text)
    __aeabi_dsub                             0x080007bd   Thumb Code     6  dadd.o(.text)
    __aeabi_drsub                            0x080007c3   Thumb Code     6  dadd.o(.text)
    __aeabi_d2ulz                            0x080007c9   Thumb Code    48  dfixul.o(.text)
    __aeabi_cdrcmple                         0x080007f9   Thumb Code    48  cdrcmple.o(.text)
    __scatterload                            0x08000829   Thumb Code    28  init.o(.text)
    __scatterload_rt2                        0x08000829   Thumb Code     0  init.o(.text)
    __aeabi_llsl                             0x0800084d   Thumb Code    30  llshl.o(.text)
    _ll_shift_l                              0x0800084d   Thumb Code     0  llshl.o(.text)
    __aeabi_lasr                             0x0800086b   Thumb Code    36  llsshr.o(.text)
    _ll_sshift_r                             0x0800086b   Thumb Code     0  llsshr.o(.text)
    BusFault_Handler                         0x0800088f   Thumb Code     4  stm32f1xx_it.o(i.BusFault_Handler)
    Car_Stop                                 0x08000893   Thumb Code    16  car.o(i.Car_Stop)
    DMA1_Channel5_IRQHandler                 0x080008a5   Thumb Code    10  stm32f1xx_it.o(i.DMA1_Channel5_IRQHandler)
    DebugMon_Handler                         0x080008e1   Thumb Code     2  stm32f1xx_it.o(i.DebugMon_Handler)
    DebugUART_Init                           0x080008e5   Thumb Code    14  bsp_uart.o(i.DebugUART_Init)
    Error_Handler                            0x080008fd   Thumb Code     6  main.o(i.Error_Handler)
    Go_Ahead                                 0x08000903   Thumb Code    20  car.o(i.Go_Ahead)
    Go_Back                                  0x08000919   Thumb Code    16  car.o(i.Go_Back)
    HAL_DMA_Abort                            0x0800092d   Thumb Code    86  stm32f1xx_hal_dma.o(i.HAL_DMA_Abort)
    HAL_DMA_Abort_IT                         0x08000985   Thumb Code   172  stm32f1xx_hal_dma.o(i.HAL_DMA_Abort_IT)
    HAL_DMA_IRQHandler                       0x08000a35   Thumb Code   408  stm32f1xx_hal_dma.o(i.HAL_DMA_IRQHandler)
    HAL_DMA_Init                             0x08000bd1   Thumb Code   100  stm32f1xx_hal_dma.o(i.HAL_DMA_Init)
    HAL_DMA_Start_IT                         0x08000c39   Thumb Code   156  stm32f1xx_hal_dma.o(i.HAL_DMA_Start_IT)
    HAL_GPIO_Init                            0x08000cd5   Thumb Code   766  stm32f1xx_hal_gpio.o(i.HAL_GPIO_Init)
    HAL_GPIO_ReadPin                         0x08000ff5   Thumb Code    16  stm32f1xx_hal_gpio.o(i.HAL_GPIO_ReadPin)
    HAL_GPIO_TogglePin                       0x08001005   Thumb Code    20  stm32f1xx_hal_gpio.o(i.HAL_GPIO_TogglePin)
    HAL_GPIO_WritePin                        0x08001019   Thumb Code    12  stm32f1xx_hal_gpio.o(i.HAL_GPIO_WritePin)
    HAL_GetTick                              0x08001025   Thumb Code     6  stm32f1xx_hal.o(i.HAL_GetTick)
    HAL_I2C_Init                             0x08001031   Thumb Code   446  stm32f1xx_hal_i2c.o(i.HAL_I2C_Init)
    HAL_I2C_MspInit                          0x08001201   Thumb Code   104  i2c.o(i.HAL_I2C_MspInit)
    HAL_IncTick                              0x08001275   Thumb Code    16  stm32f1xx_hal.o(i.HAL_IncTick)
    HAL_Init                                 0x0800128d   Thumb Code    34  stm32f1xx_hal.o(i.HAL_Init)
    HAL_InitTick                             0x080012b5   Thumb Code    64  stm32f1xx_hal.o(i.HAL_InitTick)
    HAL_MspInit                              0x08001301   Thumb Code    76  stm32f1xx_hal_msp.o(i.HAL_MspInit)
    HAL_NVIC_EnableIRQ                       0x08001355   Thumb Code    32  stm32f1xx_hal_cortex.o(i.HAL_NVIC_EnableIRQ)
    HAL_NVIC_SetPriority                     0x08001375   Thumb Code   124  stm32f1xx_hal_cortex.o(i.HAL_NVIC_SetPriority)
    HAL_NVIC_SetPriorityGrouping             0x080013f1   Thumb Code    32  stm32f1xx_hal_cortex.o(i.HAL_NVIC_SetPriorityGrouping)
    HAL_RCC_ClockConfig                      0x08001419   Thumb Code   376  stm32f1xx_hal_rcc.o(i.HAL_RCC_ClockConfig)
    HAL_RCC_GetHCLKFreq                      0x080015a5   Thumb Code     6  stm32f1xx_hal_rcc.o(i.HAL_RCC_GetHCLKFreq)
    HAL_RCC_GetPCLK1Freq                     0x080015b1   Thumb Code    22  stm32f1xx_hal_rcc.o(i.HAL_RCC_GetPCLK1Freq)
    HAL_RCC_GetPCLK2Freq                     0x080015d1   Thumb Code    22  stm32f1xx_hal_rcc.o(i.HAL_RCC_GetPCLK2Freq)
    HAL_RCC_GetSysClockFreq                  0x080015f1   Thumb Code    92  stm32f1xx_hal_rcc.o(i.HAL_RCC_GetSysClockFreq)
    HAL_RCC_OscConfig                        0x08001661   Thumb Code  1114  stm32f1xx_hal_rcc.o(i.HAL_RCC_OscConfig)
    HAL_SYSTICK_Config                       0x08001ac5   Thumb Code    52  stm32f1xx_hal_cortex.o(i.HAL_SYSTICK_Config)
    HAL_TIMEx_MasterConfigSynchronization    0x08001af9   Thumb Code   118  stm32f1xx_hal_tim_ex.o(i.HAL_TIMEx_MasterConfigSynchronization)
    HAL_TIM_Base_Init                        0x08001b7d   Thumb Code   102  stm32f1xx_hal_tim.o(i.HAL_TIM_Base_Init)
    HAL_TIM_Base_MspInit                     0x08001be5   Thumb Code    40  tim.o(i.HAL_TIM_Base_MspInit)
    HAL_TIM_ConfigClockSource                0x08001c15   Thumb Code   268  stm32f1xx_hal_tim.o(i.HAL_TIM_ConfigClockSource)
    HAL_TIM_MspPostInit                      0x08001d21   Thumb Code    74  tim.o(i.HAL_TIM_MspPostInit)
    HAL_TIM_PWM_ConfigChannel                0x08001d79   Thumb Code   260  stm32f1xx_hal_tim.o(i.HAL_TIM_PWM_ConfigChannel)
    HAL_TIM_PWM_Init                         0x08001e7d   Thumb Code   102  stm32f1xx_hal_tim.o(i.HAL_TIM_PWM_Init)
    HAL_TIM_PWM_MspInit                      0x08001ee3   Thumb Code     2  stm32f1xx_hal_tim.o(i.HAL_TIM_PWM_MspInit)
    HAL_TIM_PWM_Start                        0x08001ee5   Thumb Code   198  stm32f1xx_hal_tim.o(i.HAL_TIM_PWM_Start)
    HAL_UARTEx_ReceiveToIdle_DMA             0x08001fb9   Thumb Code   112  stm32f1xx_hal_uart.o(i.HAL_UARTEx_ReceiveToIdle_DMA)
    HAL_UARTEx_RxEventCallback               0x08002029   Thumb Code   134  bsp_uart.o(i.HAL_UARTEx_RxEventCallback)
    HAL_UART_ErrorCallback                   0x080020c1   Thumb Code     2  stm32f1xx_hal_uart.o(i.HAL_UART_ErrorCallback)
    HAL_UART_IRQHandler                      0x080020c5   Thumb Code   736  stm32f1xx_hal_uart.o(i.HAL_UART_IRQHandler)
    HAL_UART_Init                            0x080023a9   Thumb Code   118  stm32f1xx_hal_uart.o(i.HAL_UART_Init)
    HAL_UART_MspInit                         0x08002421   Thumb Code   188  usart.o(i.HAL_UART_MspInit)
    HAL_UART_RxCpltCallback                  0x080024f1   Thumb Code     2  stm32f1xx_hal_uart.o(i.HAL_UART_RxCpltCallback)
    HAL_UART_RxHalfCpltCallback              0x080024f3   Thumb Code     2  stm32f1xx_hal_uart.o(i.HAL_UART_RxHalfCpltCallback)
    HAL_UART_Transmit                        0x080024f5   Thumb Code   190  stm32f1xx_hal_uart.o(i.HAL_UART_Transmit)
    HAL_UART_TxCpltCallback                  0x080025b3   Thumb Code     2  stm32f1xx_hal_uart.o(i.HAL_UART_TxCpltCallback)
    HardFault_Handler                        0x080025b5   Thumb Code     4  stm32f1xx_it.o(i.HardFault_Handler)
    MX_DMA_Init                              0x080025b9   Thumb Code    48  dma.o(i.MX_DMA_Init)
    MX_GPIO_Init                             0x080025ed   Thumb Code   212  gpio.o(i.MX_GPIO_Init)
    MX_I2C1_Init                             0x080026cd   Thumb Code    48  i2c.o(i.MX_I2C1_Init)
    MX_TIM3_Init                             0x08002709   Thumb Code   172  tim.o(i.MX_TIM3_Init)
    MX_USART1_UART_Init                      0x080027bd   Thumb Code    46  usart.o(i.MX_USART1_UART_Init)
    MemManage_Handler                        0x080027f5   Thumb Code     4  stm32f1xx_it.o(i.MemManage_Handler)
    MotorA_SetSpeed                          0x080027f9   Thumb Code    98  moto.o(i.MotorA_SetSpeed)
    MotorB_SetSpeed                          0x08002865   Thumb Code    98  moto.o(i.MotorB_SetSpeed)
    Motor_Init                               0x080028d1   Thumb Code    60  moto.o(i.Motor_Init)
    NMI_Handler                              0x08002915   Thumb Code     4  stm32f1xx_it.o(i.NMI_Handler)
    PendSV_Handler                           0x08002919   Thumb Code     2  stm32f1xx_it.o(i.PendSV_Handler)
    Printf_Coord                             0x0800291d   Thumb Code    70  track.o(i.Printf_Coord)
    SVC_Handler                              0x080029a5   Thumb Code     2  stm32f1xx_it.o(i.SVC_Handler)
    Self_Left                                0x080029a9   Thumb Code    18  car.o(i.Self_Left)
    Self_Right                               0x080029c1   Thumb Code    18  car.o(i.Self_Right)
    SysTick_Handler                          0x080029d9   Thumb Code     8  stm32f1xx_it.o(i.SysTick_Handler)
    SystemClock_Config                       0x080029e1   Thumb Code   102  main.o(i.SystemClock_Config)
    SystemInit                               0x08002a47   Thumb Code     2  system_stm32f1xx.o(i.SystemInit)
    TIM_Base_SetConfig                       0x08002a49   Thumb Code   120  stm32f1xx_hal_tim.o(i.TIM_Base_SetConfig)
    TIM_CCxChannelCmd                        0x08002acd   Thumb Code    34  stm32f1xx_hal_tim.o(i.TIM_CCxChannelCmd)
    TIM_ETR_SetConfig                        0x08002aef   Thumb Code    22  stm32f1xx_hal_tim.o(i.TIM_ETR_SetConfig)
    TIM_OC2_SetConfig                        0x08002b79   Thumb Code   100  stm32f1xx_hal_tim.o(i.TIM_OC2_SetConfig)
    Track                                    0x08002ce1   Thumb Code   230  track.o(i.Track)
    Turn_Left                                0x08002de9   Thumb Code    20  car.o(i.Turn_Left)
    Turn_Right                               0x08002dfd   Thumb Code    20  car.o(i.Turn_Right)
    UART_Start_Receive_DMA                   0x080031f9   Thumb Code   186  stm32f1xx_hal_uart.o(i.UART_Start_Receive_DMA)
    USART1_IRQHandler                        0x080033ad   Thumb Code    10  stm32f1xx_it.o(i.USART1_IRQHandler)
    UsageFault_Handler                       0x080033bd   Thumb Code     4  stm32f1xx_it.o(i.UsageFault_Handler)
    __0printf                                0x080033c1   Thumb Code    22  printfa.o(i.__0printf)
    __1printf                                0x080033c1   Thumb Code     0  printfa.o(i.__0printf)
    __2printf                                0x080033c1   Thumb Code     0  printfa.o(i.__0printf)
    __c89printf                              0x080033c1   Thumb Code     0  printfa.o(i.__0printf)
    printf                                   0x080033c1   Thumb Code     0  printfa.o(i.__0printf)
    __scatterload_copy                       0x08003419   Thumb Code    14  handlers.o(i.__scatterload_copy)
    __scatterload_null                       0x08003427   Thumb Code     2  handlers.o(i.__scatterload_null)
    __scatterload_zeroinit                   0x08003429   Thumb Code    14  handlers.o(i.__scatterload_zeroinit)
    fputc                                    0x08003ced   Thumb Code    22  bsp_uart.o(i.fputc)
    main                                     0x08003d09   Thumb Code    48  main.o(i.main)
    AHBPrescTable                            0x08003d4a   Data          16  system_stm32f1xx.o(.constdata)
    APBPrescTable                            0x08003d5a   Data           8  system_stm32f1xx.o(.constdata)
    Region$$Table$$Base                      0x08003d64   Number         0  anon$$obj.o(Region$$Table)
    Region$$Table$$Limit                     0x08003d84   Number         0  anon$$obj.o(Region$$Table)
    uwTick                                   0x20000000   Data           4  stm32f1xx_hal.o(.data)
    uwTickPrio                               0x20000004   Data           4  stm32f1xx_hal.o(.data)
    uwTickFreq                               0x20000008   Data           1  stm32f1xx_hal.o(.data)
    SystemCoreClock                          0x2000000c   Data           4  system_stm32f1xx.o(.data)
    rx_buffer                                0x20000010   Data           5  bsp_uart.o(.data)
    Track_GPIO                               0x20000018   Data          32  track.o(.data)
    coord                                    0x20000038   Data           4  track.o(.data)
    last_coord                               0x2000003c   Data           4  track.o(.data)
    qty                                      0x20000040   Data           4  track.o(.data)
    sum_pin                                  0x20000044   Data           4  track.o(.data)
    __stdout                                 0x20000050   Data           4  stdout.o(.data)
    hi2c1                                    0x20000054   Data          84  i2c.o(.bss)
    htim3                                    0x200000a8   Data          72  tim.o(.bss)
    huart1                                   0x200000f0   Data          72  usart.o(.bss)
    hdma_usart1_rx                           0x20000138   Data          68  usart.o(.bss)
    Track_Pin                                0x2000017c   Data          16  track.o(.bss)
    __initial_sp                             0x20000590   Data           0  startup_stm32f103xb.o(STACK)



==============================================================================

Memory Map of the image

  Image Entry point : 0x080000ed

  Load Region LR_IROM1 (Base: 0x08000000, Size: 0x00003dd8, Max: 0x00010000, ABSOLUTE)

    Execution Region ER_IROM1 (Exec base: 0x08000000, Load base: 0x08000000, Size: 0x00003d84, Max: 0x00010000, ABSOLUTE)

    Exec Addr    Load Addr    Size         Type   Attr      Idx    E Section Name        Object

    0x08000000   0x08000000   0x000000ec   Data   RO            3    RESET               startup_stm32f103xb.o
    0x080000ec   0x080000ec   0x00000000   Code   RO         3834  * .ARM.Collect$$$$00000000  mc_w.l(entry.o)
    0x080000ec   0x080000ec   0x00000004   Code   RO         4151    .ARM.Collect$$$$00000001  mc_w.l(entry2.o)
    0x080000f0   0x080000f0   0x00000004   Code   RO         4154    .ARM.Collect$$$$00000004  mc_w.l(entry5.o)
    0x080000f4   0x080000f4   0x00000000   Code   RO         4156    .ARM.Collect$$$$00000008  mc_w.l(entry7b.o)
    0x080000f4   0x080000f4   0x00000000   Code   RO         4158    .ARM.Collect$$$$0000000A  mc_w.l(entry8b.o)
    0x080000f4   0x080000f4   0x00000008   Code   RO         4159    .ARM.Collect$$$$0000000B  mc_w.l(entry9a.o)
    0x080000fc   0x080000fc   0x00000000   Code   RO         4161    .ARM.Collect$$$$0000000D  mc_w.l(entry10a.o)
    0x080000fc   0x080000fc   0x00000000   Code   RO         4163    .ARM.Collect$$$$0000000F  mc_w.l(entry11a.o)
    0x080000fc   0x080000fc   0x00000004   Code   RO         4152    .ARM.Collect$$$$00002712  mc_w.l(entry2.o)
    0x08000100   0x08000100   0x00000024   Code   RO            4    .text               startup_stm32f103xb.o
    0x08000124   0x08000124   0x00000020   Code   RO         3837    .text               mc_w.l(llushr.o)
    0x08000144   0x08000144   0x00000024   Code   RO         3839    .text               mc_w.l(memseta.o)
    0x08000168   0x08000168   0x000000b0   Code   RO         4102    .text               mf_w.l(fadd.o)
    0x08000218   0x08000218   0x00000064   Code   RO         4104    .text               mf_w.l(fmul.o)
    0x0800027c   0x0800027c   0x000000e4   Code   RO         4108    .text               mf_w.l(dmul.o)
    0x08000360   0x08000360   0x000000de   Code   RO         4110    .text               mf_w.l(ddiv.o)
    0x0800043e   0x0800043e   0x00000012   Code   RO         4112    .text               mf_w.l(fflti.o)
    0x08000450   0x08000450   0x00000026   Code   RO         4118    .text               mf_w.l(f2d.o)
    0x08000476   0x08000476   0x00000038   Code   RO         4120    .text               mf_w.l(d2f.o)
    0x080004ae   0x080004ae   0x00000002   PAD
    0x080004b0   0x080004b0   0x00000014   Code   RO         4122    .text               mf_w.l(cfcmple.o)
    0x080004c4   0x080004c4   0x0000002c   Code   RO         4166    .text               mc_w.l(uidiv.o)
    0x080004f0   0x080004f0   0x00000062   Code   RO         4168    .text               mc_w.l(uldiv.o)
    0x08000552   0x08000552   0x00000000   Code   RO         4177    .text               mc_w.l(iusefp.o)
    0x08000552   0x08000552   0x0000006e   Code   RO         4178    .text               mf_w.l(fepilogue.o)
    0x080005c0   0x080005c0   0x000000ba   Code   RO         4182    .text               mf_w.l(depilogue.o)
    0x0800067a   0x0800067a   0x0000014e   Code   RO         4184    .text               mf_w.l(dadd.o)
    0x080007c8   0x080007c8   0x00000030   Code   RO         4188    .text               mf_w.l(dfixul.o)
    0x080007f8   0x080007f8   0x00000030   Code   RO         4192    .text               mf_w.l(cdrcmple.o)
    0x08000828   0x08000828   0x00000024   Code   RO         4198    .text               mc_w.l(init.o)
    0x0800084c   0x0800084c   0x0000001e   Code   RO         4200    .text               mc_w.l(llshl.o)
    0x0800086a   0x0800086a   0x00000024   Code   RO         4202    .text               mc_w.l(llsshr.o)
    0x0800088e   0x0800088e   0x00000004   Code   RO          365    i.BusFault_Handler  stm32f1xx_it.o
    0x08000892   0x08000892   0x00000010   Code   RO         3555    i.Car_Stop          car.o
    0x080008a2   0x080008a2   0x00000002   PAD
    0x080008a4   0x080008a4   0x00000010   Code   RO          366    i.DMA1_Channel5_IRQHandler  stm32f1xx_it.o
    0x080008b4   0x080008b4   0x0000002c   Code   RO         1456    i.DMA_SetConfig     stm32f1xx_hal_dma.o
    0x080008e0   0x080008e0   0x00000002   Code   RO          367    i.DebugMon_Handler  stm32f1xx_it.o
    0x080008e2   0x080008e2   0x00000002   PAD
    0x080008e4   0x080008e4   0x00000018   Code   RO         3473    i.DebugUART_Init    bsp_uart.o
    0x080008fc   0x080008fc   0x00000006   Code   RO           13    i.Error_Handler     main.o
    0x08000902   0x08000902   0x00000014   Code   RO         3556    i.Go_Ahead          car.o
    0x08000916   0x08000916   0x00000002   PAD
    0x08000918   0x08000918   0x00000014   Code   RO         3557    i.Go_Back           car.o
    0x0800092c   0x0800092c   0x00000056   Code   RO         1457    i.HAL_DMA_Abort     stm32f1xx_hal_dma.o
    0x08000982   0x08000982   0x00000002   PAD
    0x08000984   0x08000984   0x000000b0   Code   RO         1458    i.HAL_DMA_Abort_IT  stm32f1xx_hal_dma.o
    0x08000a34   0x08000a34   0x0000019c   Code   RO         1462    i.HAL_DMA_IRQHandler  stm32f1xx_hal_dma.o
    0x08000bd0   0x08000bd0   0x00000068   Code   RO         1463    i.HAL_DMA_Init      stm32f1xx_hal_dma.o
    0x08000c38   0x08000c38   0x0000009c   Code   RO         1467    i.HAL_DMA_Start_IT  stm32f1xx_hal_dma.o
    0x08000cd4   0x08000cd4   0x00000320   Code   RO         1393    i.HAL_GPIO_Init     stm32f1xx_hal_gpio.o
    0x08000ff4   0x08000ff4   0x00000010   Code   RO         1395    i.HAL_GPIO_ReadPin  stm32f1xx_hal_gpio.o
    0x08001004   0x08001004   0x00000014   Code   RO         1396    i.HAL_GPIO_TogglePin  stm32f1xx_hal_gpio.o
    0x08001018   0x08001018   0x0000000c   Code   RO         1397    i.HAL_GPIO_WritePin  stm32f1xx_hal_gpio.o
    0x08001024   0x08001024   0x0000000c   Code   RO         1082    i.HAL_GetTick       stm32f1xx_hal.o
    0x08001030   0x08001030   0x000001d0   Code   RO          605    i.HAL_I2C_Init      stm32f1xx_hal_i2c.o
    0x08001200   0x08001200   0x00000074   Code   RO          234    i.HAL_I2C_MspInit   i2c.o
    0x08001274   0x08001274   0x00000018   Code   RO         1088    i.HAL_IncTick       stm32f1xx_hal.o
    0x0800128c   0x0800128c   0x00000028   Code   RO         1089    i.HAL_Init          stm32f1xx_hal.o
    0x080012b4   0x080012b4   0x0000004c   Code   RO         1090    i.HAL_InitTick      stm32f1xx_hal.o
    0x08001300   0x08001300   0x00000054   Code   RO          453    i.HAL_MspInit       stm32f1xx_hal_msp.o
    0x08001354   0x08001354   0x00000020   Code   RO         1553    i.HAL_NVIC_EnableIRQ  stm32f1xx_hal_cortex.o
    0x08001374   0x08001374   0x0000007c   Code   RO         1559    i.HAL_NVIC_SetPriority  stm32f1xx_hal_cortex.o
    0x080013f0   0x080013f0   0x00000028   Code   RO         1560    i.HAL_NVIC_SetPriorityGrouping  stm32f1xx_hal_cortex.o
    0x08001418   0x08001418   0x0000018c   Code   RO         1246    i.HAL_RCC_ClockConfig  stm32f1xx_hal_rcc.o
    0x080015a4   0x080015a4   0x0000000c   Code   RO         1251    i.HAL_RCC_GetHCLKFreq  stm32f1xx_hal_rcc.o
    0x080015b0   0x080015b0   0x00000020   Code   RO         1253    i.HAL_RCC_GetPCLK1Freq  stm32f1xx_hal_rcc.o
    0x080015d0   0x080015d0   0x00000020   Code   RO         1254    i.HAL_RCC_GetPCLK2Freq  stm32f1xx_hal_rcc.o
    0x080015f0   0x080015f0   0x00000070   Code   RO         1255    i.HAL_RCC_GetSysClockFreq  stm32f1xx_hal_rcc.o
    0x08001660   0x08001660   0x00000464   Code   RO         1258    i.HAL_RCC_OscConfig  stm32f1xx_hal_rcc.o
    0x08001ac4   0x08001ac4   0x00000034   Code   RO         1564    i.HAL_SYSTICK_Config  stm32f1xx_hal_cortex.o
    0x08001af8   0x08001af8   0x00000084   Code   RO         2815    i.HAL_TIMEx_MasterConfigSynchronization  stm32f1xx_hal_tim_ex.o
    0x08001b7c   0x08001b7c   0x00000066   Code   RO         2081    i.HAL_TIM_Base_Init  stm32f1xx_hal_tim.o
    0x08001be2   0x08001be2   0x00000002   PAD
    0x08001be4   0x08001be4   0x00000030   Code   RO          276    i.HAL_TIM_Base_MspInit  tim.o
    0x08001c14   0x08001c14   0x0000010c   Code   RO         2090    i.HAL_TIM_ConfigClockSource  stm32f1xx_hal_tim.o
    0x08001d20   0x08001d20   0x00000058   Code   RO          277    i.HAL_TIM_MspPostInit  tim.o
    0x08001d78   0x08001d78   0x00000104   Code   RO         2153    i.HAL_TIM_PWM_ConfigChannel  stm32f1xx_hal_tim.o
    0x08001e7c   0x08001e7c   0x00000066   Code   RO         2156    i.HAL_TIM_PWM_Init  stm32f1xx_hal_tim.o
    0x08001ee2   0x08001ee2   0x00000002   Code   RO         2158    i.HAL_TIM_PWM_MspInit  stm32f1xx_hal_tim.o
    0x08001ee4   0x08001ee4   0x000000d4   Code   RO         2161    i.HAL_TIM_PWM_Start  stm32f1xx_hal_tim.o
    0x08001fb8   0x08001fb8   0x00000070   Code   RO         3073    i.HAL_UARTEx_ReceiveToIdle_DMA  stm32f1xx_hal_uart.o
    0x08002028   0x08002028   0x00000098   Code   RO         3474    i.HAL_UARTEx_RxEventCallback  bsp_uart.o
    0x080020c0   0x080020c0   0x00000002   Code   RO         3089    i.HAL_UART_ErrorCallback  stm32f1xx_hal_uart.o
    0x080020c2   0x080020c2   0x00000002   PAD
    0x080020c4   0x080020c4   0x000002e4   Code   RO         3092    i.HAL_UART_IRQHandler  stm32f1xx_hal_uart.o
    0x080023a8   0x080023a8   0x00000076   Code   RO         3093    i.HAL_UART_Init     stm32f1xx_hal_uart.o
    0x0800241e   0x0800241e   0x00000002   PAD
    0x08002420   0x08002420   0x000000d0   Code   RO          324    i.HAL_UART_MspInit  usart.o
    0x080024f0   0x080024f0   0x00000002   Code   RO         3099    i.HAL_UART_RxCpltCallback  stm32f1xx_hal_uart.o
    0x080024f2   0x080024f2   0x00000002   Code   RO         3100    i.HAL_UART_RxHalfCpltCallback  stm32f1xx_hal_uart.o
    0x080024f4   0x080024f4   0x000000be   Code   RO         3101    i.HAL_UART_Transmit  stm32f1xx_hal_uart.o
    0x080025b2   0x080025b2   0x00000002   Code   RO         3104    i.HAL_UART_TxCpltCallback  stm32f1xx_hal_uart.o
    0x080025b4   0x080025b4   0x00000004   Code   RO          368    i.HardFault_Handler  stm32f1xx_it.o
    0x080025b8   0x080025b8   0x00000034   Code   RO          209    i.MX_DMA_Init       dma.o
    0x080025ec   0x080025ec   0x000000e0   Code   RO          185    i.MX_GPIO_Init      gpio.o
    0x080026cc   0x080026cc   0x0000003c   Code   RO          235    i.MX_I2C1_Init      i2c.o
    0x08002708   0x08002708   0x000000b4   Code   RO          278    i.MX_TIM3_Init      tim.o
    0x080027bc   0x080027bc   0x00000038   Code   RO          325    i.MX_USART1_UART_Init  usart.o
    0x080027f4   0x080027f4   0x00000004   Code   RO          369    i.MemManage_Handler  stm32f1xx_it.o
    0x080027f8   0x080027f8   0x0000006c   Code   RO         3512    i.MotorA_SetSpeed   moto.o
    0x08002864   0x08002864   0x0000006c   Code   RO         3513    i.MotorB_SetSpeed   moto.o
    0x080028d0   0x080028d0   0x00000044   Code   RO         3515    i.Motor_Init        moto.o
    0x08002914   0x08002914   0x00000004   Code   RO          370    i.NMI_Handler       stm32f1xx_it.o
    0x08002918   0x08002918   0x00000002   Code   RO          371    i.PendSV_Handler    stm32f1xx_it.o
    0x0800291a   0x0800291a   0x00000002   PAD
    0x0800291c   0x0800291c   0x00000060   Code   RO         3620    i.Printf_Coord      track.o
    0x0800297c   0x0800297c   0x00000028   Code   RO         1259    i.RCC_Delay         stm32f1xx_hal_rcc.o
    0x080029a4   0x080029a4   0x00000002   Code   RO          372    i.SVC_Handler       stm32f1xx_it.o
    0x080029a6   0x080029a6   0x00000002   PAD
    0x080029a8   0x080029a8   0x00000018   Code   RO         3558    i.Self_Left         car.o
    0x080029c0   0x080029c0   0x00000018   Code   RO         3559    i.Self_Right        car.o
    0x080029d8   0x080029d8   0x00000008   Code   RO          373    i.SysTick_Handler   stm32f1xx_it.o
    0x080029e0   0x080029e0   0x00000066   Code   RO           14    i.SystemClock_Config  main.o
    0x08002a46   0x08002a46   0x00000002   Code   RO         3437    i.SystemInit        system_stm32f1xx.o
    0x08002a48   0x08002a48   0x00000084   Code   RO         2174    i.TIM_Base_SetConfig  stm32f1xx_hal_tim.o
    0x08002acc   0x08002acc   0x00000022   Code   RO         2175    i.TIM_CCxChannelCmd  stm32f1xx_hal_tim.o
    0x08002aee   0x08002aee   0x00000016   Code   RO         2185    i.TIM_ETR_SetConfig  stm32f1xx_hal_tim.o
    0x08002b04   0x08002b04   0x00000012   Code   RO         2186    i.TIM_ITRx_SetConfig  stm32f1xx_hal_tim.o
    0x08002b16   0x08002b16   0x00000002   PAD
    0x08002b18   0x08002b18   0x00000060   Code   RO         2187    i.TIM_OC1_SetConfig  stm32f1xx_hal_tim.o
    0x08002b78   0x08002b78   0x00000068   Code   RO         2188    i.TIM_OC2_SetConfig  stm32f1xx_hal_tim.o
    0x08002be0   0x08002be0   0x00000068   Code   RO         2189    i.TIM_OC3_SetConfig  stm32f1xx_hal_tim.o
    0x08002c48   0x08002c48   0x00000048   Code   RO         2190    i.TIM_OC4_SetConfig  stm32f1xx_hal_tim.o
    0x08002c90   0x08002c90   0x00000026   Code   RO         2192    i.TIM_TI1_ConfigInputStage  stm32f1xx_hal_tim.o
    0x08002cb6   0x08002cb6   0x00000028   Code   RO         2194    i.TIM_TI2_ConfigInputStage  stm32f1xx_hal_tim.o
    0x08002cde   0x08002cde   0x00000002   PAD
    0x08002ce0   0x08002ce0   0x00000108   Code   RO         3621    i.Track             track.o
    0x08002de8   0x08002de8   0x00000014   Code   RO         3560    i.Turn_Left         car.o
    0x08002dfc   0x08002dfc   0x00000014   Code   RO         3561    i.Turn_Right        car.o
    0x08002e10   0x08002e10   0x00000014   Code   RO         3106    i.UART_DMAAbortOnError  stm32f1xx_hal_uart.o
    0x08002e24   0x08002e24   0x00000050   Code   RO         3107    i.UART_DMAError     stm32f1xx_hal_uart.o
    0x08002e74   0x08002e74   0x000000b4   Code   RO         3108    i.UART_DMAReceiveCplt  stm32f1xx_hal_uart.o
    0x08002f28   0x08002f28   0x00000024   Code   RO         3110    i.UART_DMARxHalfCplt  stm32f1xx_hal_uart.o
    0x08002f4c   0x08002f4c   0x0000006c   Code   RO         3116    i.UART_EndRxTransfer  stm32f1xx_hal_uart.o
    0x08002fb8   0x08002fb8   0x00000020   Code   RO         3117    i.UART_EndTransmit_IT  stm32f1xx_hal_uart.o
    0x08002fd8   0x08002fd8   0x00000026   Code   RO         3118    i.UART_EndTxTransfer  stm32f1xx_hal_uart.o
    0x08002ffe   0x08002ffe   0x000000fc   Code   RO         3119    i.UART_Receive_IT   stm32f1xx_hal_uart.o
    0x080030fa   0x080030fa   0x00000002   PAD
    0x080030fc   0x080030fc   0x000000fc   Code   RO         3120    i.UART_SetConfig    stm32f1xx_hal_uart.o
    0x080031f8   0x080031f8   0x000000c8   Code   RO         3121    i.UART_Start_Receive_DMA  stm32f1xx_hal_uart.o
    0x080032c0   0x080032c0   0x00000060   Code   RO         3123    i.UART_Transmit_IT  stm32f1xx_hal_uart.o
    0x08003320   0x08003320   0x0000008c   Code   RO         3124    i.UART_WaitOnFlagUntilTimeout  stm32f1xx_hal_uart.o
    0x080033ac   0x080033ac   0x00000010   Code   RO          374    i.USART1_IRQHandler  stm32f1xx_it.o
    0x080033bc   0x080033bc   0x00000004   Code   RO          375    i.UsageFault_Handler  stm32f1xx_it.o
    0x080033c0   0x080033c0   0x00000020   Code   RO         4074    i.__0printf         mc_w.l(printfa.o)
    0x080033e0   0x080033e0   0x00000010   Code   RO         1566    i.__NVIC_GetPriorityGrouping  stm32f1xx_hal_cortex.o
    0x080033f0   0x080033f0   0x00000028   Code   RO         1567    i.__NVIC_SetPriority  stm32f1xx_hal_cortex.o
    0x08003418   0x08003418   0x0000000e   Code   RO         4208    i.__scatterload_copy  mc_w.l(handlers.o)
    0x08003426   0x08003426   0x00000002   Code   RO         4209    i.__scatterload_null  mc_w.l(handlers.o)
    0x08003428   0x08003428   0x0000000e   Code   RO         4210    i.__scatterload_zeroinit  mc_w.l(handlers.o)
    0x08003436   0x08003436   0x00000002   PAD
    0x08003438   0x08003438   0x00000184   Code   RO         4081    i._fp_digits        mc_w.l(printfa.o)
    0x080035bc   0x080035bc   0x000006dc   Code   RO         4082    i._printf_core      mc_w.l(printfa.o)
    0x08003c98   0x08003c98   0x00000024   Code   RO         4083    i._printf_post_padding  mc_w.l(printfa.o)
    0x08003cbc   0x08003cbc   0x0000002e   Code   RO         4084    i._printf_pre_padding  mc_w.l(printfa.o)
    0x08003cea   0x08003cea   0x00000002   PAD
    0x08003cec   0x08003cec   0x0000001c   Code   RO         3475    i.fputc             bsp_uart.o
    0x08003d08   0x08003d08   0x00000030   Code   RO           15    i.main              main.o
    0x08003d38   0x08003d38   0x00000012   Data   RO         1260    .constdata          stm32f1xx_hal_rcc.o
    0x08003d4a   0x08003d4a   0x00000018   Data   RO         3438    .constdata          system_stm32f1xx.o
    0x08003d62   0x08003d62   0x00000002   PAD
    0x08003d64   0x08003d64   0x00000020   Data   RO         4206    Region$$Table       anon$$obj.o


    Execution Region RW_IRAM1 (Exec base: 0x20000000, Load base: 0x08003d84, Size: 0x00000590, Max: 0x00005000, ABSOLUTE)

    Exec Addr    Load Addr    Size         Type   Attr      Idx    E Section Name        Object

    0x20000000   0x08003d84   0x00000009   Data   RW         1096    .data               stm32f1xx_hal.o
    0x20000009   0x08003d8d   0x00000003   PAD
    0x2000000c   0x08003d90   0x00000004   Data   RW         3439    .data               system_stm32f1xx.o
    0x20000010   0x08003d94   0x00000005   Data   RW         3476    .data               bsp_uart.o
    0x20000015   0x08003d99   0x00000003   PAD
    0x20000018   0x08003d9c   0x00000038   Data   RW         3623    .data               track.o
    0x20000050   0x08003dd4   0x00000004   Data   RW         4165    .data               mc_w.l(stdout.o)
    0x20000054        -       0x00000054   Zero   RW          236    .bss                i2c.o
    0x200000a8        -       0x00000048   Zero   RW          279    .bss                tim.o
    0x200000f0        -       0x0000008c   Zero   RW          326    .bss                usart.o
    0x2000017c        -       0x00000010   Zero   RW         3622    .bss                track.o
    0x2000018c   0x08003dd8   0x00000004   PAD
    0x20000190        -       0x00000400   Zero   RW            1    STACK               startup_stm32f103xb.o


==============================================================================

Image component sizes


      Code (inc. data)   RO Data    RW Data    ZI Data      Debug   Object Name

       204         34          0          5          0       2126   bsp_uart.o
       144         16          0          0          0       3010   car.o
        52          4          0          0          0        738   dma.o
       224         12          0          0          0        971   gpio.o
       176         24          0          0         84       1593   i2c.o
       156          0          0          0          0     433492   main.o
       284         28          0          0          0       1537   moto.o
        36          8        236          0       1024        800   startup_stm32f103xb.o
       152         32          0          9          0       5265   stm32f1xx_hal.o
       304         22          0          0          0      29419   stm32f1xx_hal_cortex.o
       978         12          0          0          0       4846   stm32f1xx_hal_dma.o
       848         34          0          0          0       3916   stm32f1xx_hal_gpio.o
         0          0          0          0          0     429072   stm32f1xx_hal_gpio_ex.o
       464         18          0          0          0       2123   stm32f1xx_hal_i2c.o
        84          8          0          0          0        890   stm32f1xx_hal_msp.o
      1748         98         18          0          0       5944   stm32f1xx_hal_rcc.o
      1606         46          0          0          0      11886   stm32f1xx_hal_tim.o
       132         14          0          0          0       1328   stm32f1xx_hal_tim_ex.o
      2602         22          0          0          0      15453   stm32f1xx_hal_uart.o
        66         12          0          0          0       4837   stm32f1xx_it.o
         2          0         24          4          0       1107   system_stm32f1xx.o
       316         30          0          0         72       2304   tim.o
       360         60          0         56         16       2371   track.o
       264         30          0          0        140       1741   usart.o

    ----------------------------------------------------------------------
     11226        564        312         80       1340     966769   Object Totals
         0          0         32          0          0          0   (incl. Generated)
        24          0          2          6          4          0   (incl. Padding)

    ----------------------------------------------------------------------

      Code (inc. data)   RO Data    RW Data    ZI Data      Debug   Library Member Name

         0          0          0          0          0          0   entry.o
         0          0          0          0          0          0   entry10a.o
         0          0          0          0          0          0   entry11a.o
         8          4          0          0          0          0   entry2.o
         4          0          0          0          0          0   entry5.o
         0          0          0          0          0          0   entry7b.o
         0          0          0          0          0          0   entry8b.o
         8          4          0          0          0          0   entry9a.o
        30          0          0          0          0          0   handlers.o
        36          8          0          0          0         68   init.o
         0          0          0          0          0          0   iusefp.o
        30          0          0          0          0         68   llshl.o
        36          0          0          0          0         68   llsshr.o
        32          0          0          0          0         68   llushr.o
        36          0          0          0          0        108   memseta.o
      2258         90          0          0          0        452   printfa.o
         0          0          0          4          0          0   stdout.o
        44          0          0          0          0         80   uidiv.o
        98          0          0          0          0         92   uldiv.o
        48          0          0          0          0         68   cdrcmple.o
        20          0          0          0          0         68   cfcmple.o
        56          0          0          0          0         88   d2f.o
       334          0          0          0          0        148   dadd.o
       222          0          0          0          0        100   ddiv.o
       186          0          0          0          0        176   depilogue.o
        48          0          0          0          0         68   dfixul.o
       228          0          0          0          0         96   dmul.o
        38          0          0          0          0         68   f2d.o
       176          0          0          0          0        140   fadd.o
       110          0          0          0          0        168   fepilogue.o
        18          0          0          0          0         68   fflti.o
       100          0          0          0          0         76   fmul.o

    ----------------------------------------------------------------------
      4210        106          0          4          0       2336   Library Totals
         6          0          0          0          0          0   (incl. Padding)

    ----------------------------------------------------------------------

      Code (inc. data)   RO Data    RW Data    ZI Data      Debug   Library Name

      2620        106          0          4          0       1004   mc_w.l
      1584          0          0          0          0       1332   mf_w.l

    ----------------------------------------------------------------------
      4210        106          0          4          0       2336   Library Totals

    ----------------------------------------------------------------------

==============================================================================


      Code (inc. data)   RO Data    RW Data    ZI Data      Debug   

     15436        670        312         84       1340     962861   Grand Totals
     15436        670        312         84       1340     962861   ELF Image Totals
     15436        670        312         84          0          0   ROM Totals

==============================================================================

    Total RO  Size (Code + RO Data)                15748 (  15.38kB)
    Total RW  Size (RW Data + ZI Data)              1424 (   1.39kB)
    Total ROM Size (Code + RO Data + RW Data)      15832 (  15.46kB)

==============================================================================

